2026-03-21 18:00:23,638 - 
📊 SIGNAL ANALYTICS

📊 СТАТИСТИКА СИГНАЛОВ

Всего сигналов: 14
Уникальных: 14
Дубликатов: 0

LIGHT: 14
MAIN: 0
SCALPING: 0

Средний confidence: 0.55
Средний score: 3.97

Качество:
⭐⭐⭐⭐: 0
⭐⭐⭐: 3
⭐⭐: 11

Топ фильтров:
BODY: 92.9%
MACD: 78.6%
VOLUME: 50.0%
SMA: 42.9%
EMA: 14.3%

--------------------------------

⚠️ РЕКОМЕНДАЦИИ

- MAIN-режим даёт мало сигналов: возможно, threshold для MAIN слишком высокий.
- RSI редко проходит: стоит смягчить RSI-пороги или увеличить TF.

2026-03-21 18:09:38,776 - 
📊 SIGNAL ANALYTICS

📊 СТАТИСТИКА СИГНАЛОВ

Всего сигналов: 20
Уникальных: 20
Дубликатов: 0

LIGHT: 20
MAIN: 0
SCALPING: 0

Средний confidence: 0.58
Средний score: 4.16

Качество:
⭐⭐⭐⭐: 1
⭐⭐⭐: 6
⭐⭐: 13

Топ фильтров:
BODY: 85.0%
MACD: 75.0%
VOLUME: 65.0%
SMA: 50.0%
EMA: 20.0%

--------------------------------

⚠️ РЕКОМЕНДАЦИИ

- MAIN-режим даёт мало сигналов: возможно, threshold для MAIN слишком высокий.
- RSI редко проходит: стоит смягчить RSI-пороги или увеличить TF.

2026-03-21 18:25:09,147 - 
📊 SIGNAL ANALYTICS

📊 СТАТИСТИКА СИГНАЛОВ

Всего сигналов: 24
Уникальных: 24
Дубликатов: 0

LIGHT: 24
MAIN: 0
SCALPING: 0

Средний confidence: 0.59
Средний score: 4.23

Качество:
⭐⭐⭐⭐: 1
⭐⭐⭐: 8
⭐⭐: 15

Топ фильтров:
BODY: 87.5%
VOLUME: 70.8%
MACD: 66.7%
SMA: 54.2%
EMA: 20.8%

--------------------------------

⚠️ РЕКОМЕНДАЦИИ

- MAIN-режим даёт мало сигналов: возможно, threshold для MAIN слишком высокий.
- RSI редко проходит: стоит смягчить RSI-пороги или увеличить TF.

2026-03-21 19:20:48,965 - 
📊 SIGNAL ANALYTICS

📊 СТАТИСТИКА СИГНАЛОВ

Всего сигналов: 30
Уникальных: 30
Дубликатов: 0

LIGHT: 30
MAIN: 0
SCALPING: 0

Средний confidence: 0.59
Средний score: 4.22

Качество:
⭐⭐⭐⭐: 1
⭐⭐⭐: 10
⭐⭐: 19

Топ фильтров:
BODY: 83.3%
VOLUME: 73.3%
MACD: 70.0%
SMA: 50.0%
EMA: 20.0%

--------------------------------

⚠️ РЕКОМЕНДАЦИИ

- MAIN-режим даёт мало сигналов: возможно, threshold для MAIN слишком высокий.
- RSI редко проходит: стоит смягчить RSI-пороги или увеличить TF.

2026-03-21 19:39:20,817 - 
📊 SIGNAL ANALYTICS

📊 СТАТИСТИКА СИГНАЛОВ

Всего сигналов: 34
Уникальных: 34
Дубликатов: 0

LIGHT: 34
MAIN: 0
SCALPING: 0

Средний confidence: 0.58
Средний score: 4.15

Качество:
⭐⭐⭐⭐: 1
⭐⭐⭐: 11
⭐⭐: 22

Топ фильтров:
BODY: 85.3%
MACD: 70.6%
VOLUME: 67.6%
SMA: 47.1%
EMA: 20.6%

--------------------------------

⚠️ РЕКОМЕНДАЦИИ

- MAIN-режим даёт мало сигналов: возможно, threshold для MAIN слишком высокий.
- RSI редко проходит: стоит смягчить RSI-пороги или увеличить TF.

2026-03-21 19:54:54,830 - 
📊 SIGNAL ANALYTICS

📊 СТАТИСТИКА СИГНАЛОВ

Всего сигналов: 35
Уникальных: 35
Дубликатов: 0

LIGHT: 35
MAIN: 0
SCALPING: 0

Средний confidence: 0.58
Средний score: 4.15

Качество:
⭐⭐⭐⭐: 1
⭐⭐⭐: 11
⭐⭐: 23

Топ фильтров:
BODY: 85.7%
MACD: 68.6%
VOLUME: 68.6%
SMA: 48.6%
EMA: 20.0%

--------------------------------

⚠️ РЕКОМЕНДАЦИИ

- MAIN-режим даёт мало сигналов: возможно, threshold для MAIN слишком высокий.
- RSI редко проходит: стоит смягчить RSI-пороги или увеличить TF.

2026-03-21 20:32:06,078 - 
📊 SIGNAL ANALYTICS

📊 СТАТИСТИКА СИГНАЛОВ

Всего сигналов: 38
Уникальных: 38
Дубликатов: 0

LIGHT: 38
MAIN: 0
SCALPING: 0

Средний confidence: 0.58
Средний score: 4.15

Качество:
⭐⭐⭐⭐: 1
⭐⭐⭐: 12
⭐⭐: 25

Топ фильтров:
BODY: 84.2%
VOLUME: 71.1%
MACD: 65.8%
SMA: 52.6%
EMA: 18.4%

--------------------------------

⚠️ РЕКОМЕНДАЦИИ

- MAIN-режим даёт мало сигналов: возможно, threshold для MAIN слишком высокий.
- RSI редко проходит: стоит смягчить RSI-пороги или увеличить TF.

2026-03-21 20:35:12,268 - 
📊 SIGNAL ANALYTICS

📊 СТАТИСТИКА СИГНАЛОВ

Всего сигналов: 40
Уникальных: 40
Дубликатов: 0

LIGHT: 40
MAIN: 0
SCALPING: 0

Средний confidence: 0.57
Средний score: 4.12

Качество:
⭐⭐⭐⭐: 1
⭐⭐⭐: 12
⭐⭐: 27

Топ фильтров:
BODY: 82.5%
MACD: 67.5%
VOLUME: 67.5%
SMA: 55.0%
EMA: 17.5%

--------------------------------

⚠️ РЕКОМЕНДАЦИИ

- MAIN-режим даёт мало сигналов: возможно, threshold для MAIN слишком высокий.
- RSI редко проходит: стоит смягчить RSI-пороги или увеличить TF.

2026-03-21 21:02:57,005 - 
📊 SIGNAL ANALYTICS

📊 СТАТИСТИКА СИГНАЛОВ

Всего сигналов: 41
Уникальных: 41
Дубликатов: 0

LIGHT: 41
MAIN: 0
SCALPING: 0

Средний confidence: 0.58
Средний score: 4.14

Качество:
⭐⭐⭐⭐: 1
⭐⭐⭐: 13
⭐⭐: 27

Топ фильтров:
BODY: 82.9%
MACD: 68.3%
VOLUME: 65.9%
SMA: 56.1%
EMA: 19.5%

--------------------------------

⚠️ РЕКОМЕНДАЦИИ

- MAIN-режим даёт мало сигналов: возможно, threshold для MAIN слишком высокий.
- RSI редко проходит: стоит смягчить RSI-пороги или увеличить TF.

2026-03-21 21:21:29,366 - 
📊 SIGNAL ANALYTICS

📊 СТАТИСТИКА СИГНАЛОВ

Всего сигналов: 43
Уникальных: 43
Дубликатов: 0

LIGHT: 43
MAIN: 0
SCALPING: 0

Средний confidence: 0.57
Средний score: 4.12

Качество:
⭐⭐⭐⭐: 1
⭐⭐⭐: 13
⭐⭐: 29

Топ фильтров:
BODY: 81.4%
MACD: 67.4%
VOLUME: 65.1%
SMA: 58.1%
EMA: 18.6%

--------------------------------

⚠️ РЕКОМЕНДАЦИИ

- MAIN-режим даёт мало сигналов: возможно, threshold для MAIN слишком высокий.
- RSI редко проходит: стоит смягчить RSI-пороги или увеличить TF.

2026-03-21 22:01:54,221 - 
📊 SIGNAL ANALYTICS

📊 СТАТИСТИКА СИГНАЛОВ

Всего сигналов: 45
Уникальных: 45
Дубликатов: 0

LIGHT: 45
MAIN: 0
SCALPING: 0

Средний confidence: 0.58
Средний score: 4.15

Качество:
⭐⭐⭐⭐: 1
⭐⭐⭐: 15
⭐⭐: 29

Топ фильтров:
BODY: 80.0%
MACD: 68.9%
VOLUME: 66.7%
SMA: 57.8%
EMA: 20.0%

--------------------------------

⚠️ РЕКОМЕНДАЦИИ

- MAIN-режим даёт мало сигналов: возможно, threshold для MAIN слишком высокий.
- RSI редко проходит: стоит смягчить RSI-пороги или увеличить TF.

2026-03-21 22:32:50,056 - 
📊 SIGNAL ANALYTICS

📊 СТАТИСТИКА СИГНАЛОВ

Всего сигналов: 48
Уникальных: 48
Дубликатов: 0

LIGHT: 48
MAIN: 0
SCALPING: 0

Средний confidence: 0.57
Средний score: 4.13

Качество:
⭐⭐⭐⭐: 1
⭐⭐⭐: 16
⭐⭐: 31

Топ фильтров:
BODY: 79.2%
MACD: 68.8%
VOLUME: 64.6%
SMA: 58.3%
EMA: 18.8%

--------------------------------

⚠️ РЕКОМЕНДАЦИИ

- MAIN-режим даёт мало сигналов: возможно, threshold для MAIN слишком высокий.
- RSI редко проходит: стоит смягчить RSI-пороги или увеличить TF.

2026-03-21 23:00:36,700 - 
📊 SIGNAL ANALYTICS

📊 СТАТИСТИКА СИГНАЛОВ

Всего сигналов: 50
Уникальных: 50
Дубликатов: 0

LIGHT: 50
MAIN: 0
SCALPING: 0

Средний confidence: 0.57
Средний score: 4.13

Качество:
⭐⭐⭐⭐: 1
⭐⭐⭐: 17
⭐⭐: 32

Топ фильтров:
BODY: 80.0%
MACD: 70.0%
VOLUME: 62.0%
SMA: 58.0%
EMA: 20.0%

--------------------------------

⚠️ РЕКОМЕНДАЦИИ

- MAIN-режим даёт мало сигналов: возможно, threshold для MAIN слишком высокий.
- RSI редко проходит: стоит смягчить RSI-пороги или увеличить TF.

