📊 SIGNAL ANALYTICS

ANALYTICS REPORT:

Signals:
* total: 27
* strict: 27
* fallback: 0
* opened: 27
* blocked_by_limits: 0

Opened:
* strict: 27
* fallback: 0

Results:
* strict: TP=5 / SL=3 / winrate=62.50%
* fallback: TP=1 / SL=0 / winrate=100.00%

📊 СТАТИСТИКА СИГНАЛОВ

Всего сигналов: 27
Уникальных: 27
Дубликатов: 0

LIGHT: 0
MAIN: 6
SCALPING: 83

strict source: 89
relaxed source: 0

Средний confidence: 0.68
Средний score: 3.40

Качество:
⭐⭐⭐⭐⭐: 0
⭐⭐⭐⭐: 0
⭐⭐⭐: 0
⭐⭐: 0
⭐: 0

Топ фильтров:
-

📈 TRADE OUTCOME ANALYTICS

Trades total: 18
TP: 12
SL: 6
Winrate: 66.67%

💹 PROFITABILITY SUMMARY
Trades: 18
Wins/Losses: 12/6
Winrate: 66.67%
Profit Factor: 2.34
Avg R: 1.65

Expectancy: 1.65R
Max drawdown: 1.10%
Relaxed share: 5.56%

Execution mode: PAPER
Risk per trade: 1.00%
Fee rate: 0.040%

📌 PROFITABILITY BY MODE
LIGHT: trades=2, wins=2, losses=0, winrate=100.0%, avgR=3.88, PF=∞
MAIN: trades=9, wins=5, losses=4, winrate=55.6%, avgR=0.24, PF=1.20
SCALPING: trades=7, wins=5, losses=2, winrate=71.4%, avgR=2.81, PF=2.80

🧩 PROFITABILITY BY ENTRY SOURCE
strict: trades=17, wins=11, losses=6, winrate=64.7%, avgR=1.59, PF=2.22
relaxed: trades=1, wins=1, losses=0, winrate=100.0%, avgR=2.64, PF=∞

REJECTION_STATS:
MAIN:
  LOW_SCORE: 42
SCALPING:
  LOW_SCORE: 94

🎯 HIGH-CONFIDENCE (conf ≥ 0.70)
Trades: 11
Winrate: 81.82%
Avg R: 3.34

Reversal trades: 0
Reversal winrate: 0.00%

Avg RR: 4.09
Avg R: 1.65
Avg duration: 34h 45m
High-conf losses: 0

📌 MODE TRADE STATS
LIGHT: signals=0, closed=0, winrate=0.0%, avgRR=0.00
MAIN: signals=6, closed=0, winrate=0.0%, avgRR=0.00
SCALPING: signals=83, closed=1, winrate=0.0%, avgRR=1.09

🧪 FILTER OUTCOME BREAKDOWN
ADX: profit=0, loss=1, winrate=0.0%
RSI: profit=0, loss=1, winrate=0.0%
STRUCTURE: profit=0, loss=1, winrate=0.0%
TREND: profit=0, loss=1, winrate=0.0%

--------------------------------

⚠️ РЕКОМЕНДАЦИИ

- EMA проходит только в 0% случаев — фильтр слишком строгий.
- RSI почти не проходит — возможно пороги слишком жёсткие.
- MACD почти не подтверждает сигналы: проверьте быстрые/медленные периоды.
2026-04-08 20:55:52,387 - [ANALYTICS SNAPSHOT]
📊 SIGNAL ANALYTICS

ANALYTICS REPORT:

Signals:
* total: 27
* strict: 27
* fallback: 0
* opened: 27
* blocked_by_limits: 0

Opened:
* strict: 27
* fallback: 0

Results:
* strict: TP=5 / SL=3 / winrate=62.50%
* fallback: TP=1 / SL=0 / winrate=100.00%

📊 СТАТИСТИКА СИГНАЛОВ

Всего сигналов: 27
Уникальных: 27
Дубликатов: 0

LIGHT: 0
MAIN: 6
SCALPING: 83

strict source: 89
relaxed source: 0

Средний confidence: 0.68
Средний score: 3.40

Качество:
⭐⭐⭐⭐⭐: 0
⭐⭐⭐⭐: 0
⭐⭐⭐: 0
⭐⭐: 0
⭐: 0

Топ фильтров:
-

📈 TRADE OUTCOME ANALYTICS

Trades total: 18
TP: 12
SL: 6
Winrate: 66.67%

💹 PROFITABILITY SUMMARY
Trades: 18
Wins/Losses: 12/6
Winrate: 66.67%
Profit Factor: 2.34
Avg R: 1.65

Expectancy: 1.65R
Max drawdown: 1.10%
Relaxed share: 5.56%

Execution mode: PAPER
Risk per trade: 1.00%
Fee rate: 0.040%

📌 PROFITABILITY BY MODE
LIGHT: trades=2, wins=2, losses=0, winrate=100.0%, avgR=3.88, PF=∞
MAIN: trades=9, wins=5, losses=4, winrate=55.6%, avgR=0.24, PF=1.20
SCALPING: trades=7, wins=5, losses=2, winrate=71.4%, avgR=2.81, PF=2.80

🧩 PROFITABILITY BY ENTRY SOURCE
strict: trades=17, wins=11, losses=6, winrate=64.7%, avgR=1.59, PF=2.22
relaxed: trades=1, wins=1, losses=0, winrate=100.0%, avgR=2.64, PF=∞

REJECTION_STATS:
MAIN:
  LOW_SCORE: 42
SCALPING:
  LOW_SCORE: 94

🎯 HIGH-CONFIDENCE (conf ≥ 0.70)
Trades: 11
Winrate: 81.82%
Avg R: 3.34

Reversal trades: 0
Reversal winrate: 0.00%

Avg RR: 4.09
Avg R: 1.65
Avg duration: 34h 45m
High-conf losses: 0

📌 MODE TRADE STATS
LIGHT: signals=0, closed=0, winrate=0.0%, avgRR=0.00
MAIN: signals=6, closed=0, winrate=0.0%, avgRR=0.00
SCALPING: signals=83, closed=1, winrate=0.0%, avgRR=1.09

🧪 FILTER OUTCOME BREAKDOWN
ADX: profit=0, loss=1, winrate=0.0%
RSI: profit=0, loss=1, winrate=0.0%
STRUCTURE: profit=0, loss=1, winrate=0.0%
TREND: profit=0, loss=1, winrate=0.0%

--------------------------------

⚠️ РЕКОМЕНДАЦИИ

- EMA проходит только в 0% случаев — фильтр слишком строгий.
- RSI почти не проходит — возможно пороги слишком жёсткие.
- MACD почти не подтверждает сигналы: проверьте быстрые/медленные периоды.
