2026-04-16 22:39:24,974 - [EXECUTION] DEBUG - EXECUTION_SCORE: symbol=SOLUSDT base_score=3.65 bonus_raw=0.20 penalty=0.00 final_bonus=0.20 effective_score=3.85 threshold=3.20
2026-04-16 22:39:24,975 - [EXECUTION] DEBUG - EXECUTION_DECISION: symbol=SOLUSDT decision=OPEN reason=STRONG_SIGNAL
2026-04-16 22:39:24,976 - [EXECUTION] DEBUG - EXECUTION_DECISION: symbol=SOLUSDT decision=OPEN reason=OK
2026-04-16 22:39:26,050 - [EXECUTION] DEBUG - SLTP_RESPONSE: symbol=SOLUSDT position_idx=0 retCode=0 retMsg=OK
2026-04-16 22:39:26,494 - [EXECUTION] DEBUG - EXECUTION_SCORE: symbol=1000PEPEUSDT base_score=4.40 bonus_raw=0.25 penalty=0.00 final_bonus=0.25 effective_score=4.65 threshold=3.20
2026-04-16 22:39:26,495 - [EXECUTION] DEBUG - EXECUTION_DECISION: symbol=1000PEPEUSDT decision=OPEN reason=STRONG_SIGNAL
2026-04-16 22:39:26,495 - [EXECUTION] DEBUG - EXECUTION_DECISION: symbol=1000PEPEUSDT decision=OPEN reason=OK
2026-04-16 22:39:27,549 - [EXECUTION] DEBUG - SLTP_RESPONSE: symbol=1000PEPEUSDT position_idx=0 retCode=0 retMsg=OK
2026-04-16 22:39:28,007 - [EXECUTION] DEBUG - EXECUTION_SCORE: symbol=AAVEUSDT base_score=3.15 bonus_raw=0.10 penalty=0.00 final_bonus=0.10 effective_score=3.25 threshold=3.20
2026-04-16 22:39:28,008 - [EXECUTION] DEBUG - EXECUTION_DECISION: symbol=AAVEUSDT decision=OPEN reason=OK
2026-04-16 22:39:29,054 - [EXECUTION] DEBUG - SLTP_RESPONSE: symbol=AAVEUSDT position_idx=0 retCode=0 retMsg=OK
2026-04-16 22:39:29,500 - [EXECUTION] DEBUG - EXECUTION_SCORE: symbol=EDGEUSDT base_score=3.00 bonus_raw=0.10 penalty=0.00 final_bonus=0.10 effective_score=3.10 threshold=3.20
2026-04-16 22:39:29,500 - [EXECUTION] DEBUG - EXECUTION_DECISION: symbol=EDGEUSDT decision=SKIP reason=LOW_SCORE_EXECUTION
2026-04-16 23:01:01,574 - [EXECUTION] DEBUG - EXECUTION_SCORE: symbol=XRPUSDT base_score=3.65 bonus_raw=0.20 penalty=0.00 final_bonus=0.20 effective_score=3.85 threshold=3.20
2026-04-16 23:01:01,574 - [EXECUTION] DEBUG - EXECUTION_DECISION: symbol=XRPUSDT decision=OPEN reason=STRONG_SIGNAL
2026-04-16 23:01:01,576 - [EXECUTION] DEBUG - EXECUTION_DECISION: symbol=XRPUSDT decision=OPEN reason=OK
2026-04-16 23:01:04,745 - [EXECUTION] DEBUG - SLTP_RESPONSE: symbol=XRPUSDT position_idx=0 retCode=0 retMsg=OK
2026-04-16 23:01:05,995 - [EXECUTION] DEBUG - EXECUTION_SCORE: symbol=FARTCOINUSDT base_score=3.65 bonus_raw=0.20 penalty=0.00 final_bonus=0.20 effective_score=3.85 threshold=3.20
2026-04-16 23:01:05,996 - [EXECUTION] DEBUG - EXECUTION_DECISION: symbol=FARTCOINUSDT decision=OPEN reason=STRONG_SIGNAL
2026-04-16 23:01:05,997 - [EXECUTION] DEBUG - EXECUTION_DECISION: symbol=FARTCOINUSDT decision=OPEN reason=OK
2026-04-16 23:01:13,004 - [EXECUTION] DEBUG - EXECUTION_SCORE: symbol=LINKUSDT base_score=3.65 bonus_raw=0.20 penalty=0.00 final_bonus=0.20 effective_score=3.85 threshold=3.20
2026-04-16 23:01:13,005 - [EXECUTION] DEBUG - EXECUTION_DECISION: symbol=LINKUSDT decision=OPEN reason=STRONG_SIGNAL
2026-04-16 23:01:13,006 - [EXECUTION] DEBUG - EXECUTION_DECISION: symbol=LINKUSDT decision=OPEN reason=OK
2026-04-16 23:01:18,612 - [EXECUTION] DEBUG - EXECUTION_SCORE: symbol=AVAXUSDT base_score=3.15 bonus_raw=0.10 penalty=0.00 final_bonus=0.10 effective_score=3.25 threshold=3.20
2026-04-16 23:01:18,612 - [EXECUTION] DEBUG - EXECUTION_DECISION: symbol=AVAXUSDT decision=OPEN reason=OK
2026-04-16 23:01:24,672 - [EXECUTION] DEBUG - EXECUTION_SCORE: symbol=BNBUSDT base_score=3.65 bonus_raw=0.20 penalty=0.00 final_bonus=0.20 effective_score=3.85 threshold=3.20
2026-04-16 23:01:24,672 - [EXECUTION] DEBUG - EXECUTION_DECISION: symbol=BNBUSDT decision=OPEN reason=STRONG_SIGNAL
2026-04-16 23:01:24,673 - [EXECUTION] DEBUG - EXECUTION_DECISION: symbol=BNBUSDT decision=OPEN reason=OK
2026-04-16 23:01:31,209 - [EXECUTION] DEBUG - EXECUTION_SCORE: symbol=1000BONKUSDT base_score=3.65 bonus_raw=0.20 penalty=0.00 final_bonus=0.20 effective_score=3.85 threshold=3.20
2026-04-16 23:01:31,210 - [EXECUTION] DEBUG - EXECUTION_DECISION: symbol=1000BONKUSDT decision=OPEN reason=STRONG_SIGNAL
2026-04-16 23:01:31,211 - [EXECUTION] DEBUG - EXECUTION_DECISION: symbol=1000BONKUSDT decision=OPEN reason=OK
2026-04-16 23:01:38,160 - [EXECUTION] DEBUG - EXECUTION_SCORE: symbol=WLDUSDT base_score=3.40 bonus_raw=0.10 penalty=0.00 final_bonus=0.10 effective_score=3.50 threshold=3.20
2026-04-16 23:01:38,161 - [EXECUTION] DEBUG - EXECUTION_DECISION: symbol=WLDUSDT decision=OPEN reason=STRONG_SIGNAL
2026-04-16 23:01:38,161 - [EXECUTION] DEBUG - EXECUTION_DECISION: symbol=WLDUSDT decision=OPEN reason=OK
2026-04-16 23:01:45,112 - [EXECUTION] DEBUG - EXECUTION_SCORE: symbol=APTUSDT base_score=3.40 bonus_raw=0.10 penalty=0.00 final_bonus=0.10 effective_score=3.50 threshold=3.20
2026-04-16 23:01:45,113 - [EXECUTION] DEBUG - EXECUTION_DECISION: symbol=APTUSDT decision=OPEN reason=STRONG_SIGNAL
2026-04-16 23:01:45,114 - [EXECUTION] DEBUG - EXECUTION_DECISION: symbol=APTUSDT decision=OPEN reason=OK
2026-04-16 23:01:52,498 - [EXECUTION] DEBUG - EXECUTION_SCORE: symbol=AXLUSDT base_score=3.40 bonus_raw=0.10 penalty=0.00 final_bonus=0.10 effective_score=3.50 threshold=3.20
2026-04-16 23:01:52,499 - [EXECUTION] DEBUG - EXECUTION_DECISION: symbol=AXLUSDT decision=OPEN reason=STRONG_SIGNAL
2026-04-16 23:01:52,499 - [EXECUTION] DEBUG - EXECUTION_DECISION: symbol=AXLUSDT decision=OPEN reason=OK
2026-04-16 23:01:58,946 - [EXECUTION] DEBUG - EXECUTION_SCORE: symbol=PENGUUSDT base_score=3.65 bonus_raw=0.20 penalty=0.00 final_bonus=0.20 effective_score=3.85 threshold=3.20
2026-04-16 23:01:58,947 - [EXECUTION] DEBUG - EXECUTION_DECISION: symbol=PENGUUSDT decision=OPEN reason=STRONG_SIGNAL
2026-04-16 23:01:58,947 - [EXECUTION] DEBUG - EXECUTION_DECISION: symbol=PENGUUSDT decision=OPEN reason=OK
2026-04-17 19:33:18,767 - [EXECUTION] DEBUG - EXECUTION_SCORE: symbol=TIAUSDT base_score=3.25 bonus_raw=0.10 penalty=0.00 final_bonus=0.10 effective_score=3.35 threshold=3.20
2026-04-17 19:33:18,768 - [EXECUTION] DEBUG - EXECUTION_DECISION: symbol=TIAUSDT decision=OPEN reason=STRONG_SIGNAL
2026-04-17 19:33:18,769 - [EXECUTION] DEBUG - EXECUTION_DECISION: symbol=TIAUSDT decision=OPEN reason=OK
2026-04-17 19:33:19,790 - [EXECUTION] DEBUG - SLTP_RESPONSE: symbol=TIAUSDT position_idx=0 retCode=0 retMsg=OK
2026-04-17 20:04:40,406 - [EXECUTION] DEBUG - EXECUTION_SCORE: symbol=RAVEUSDT base_score=3.25 bonus_raw=0.10 penalty=0.00 final_bonus=0.10 effective_score=3.35 threshold=3.20
2026-04-17 20:04:40,408 - [EXECUTION] DEBUG - EXECUTION_DECISION: symbol=RAVEUSDT decision=OPEN reason=STRONG_SIGNAL
2026-04-17 20:04:40,408 - [EXECUTION] DEBUG - EXECUTION_DECISION: symbol=RAVEUSDT decision=OPEN reason=OK
2026-04-17 20:04:41,482 - [EXECUTION] DEBUG - SLTP_RESPONSE: symbol=RAVEUSDT position_idx=0 retCode=0 retMsg=OK
2026-04-17 20:04:41,934 - [EXECUTION] DEBUG - EXECUTION_SCORE: symbol=IPUSDT base_score=3.00 bonus_raw=0.10 penalty=0.00 final_bonus=0.10 effective_score=3.10 threshold=3.20
2026-04-17 20:04:41,935 - [EXECUTION] DEBUG - EXECUTION_DECISION: symbol=IPUSDT decision=SKIP reason=LOW_SCORE_EXECUTION
2026-04-17 21:02:14,525 - [EXECUTION] DEBUG - EXECUTION_SCORE: symbol=XPLUSDT base_score=3.25 bonus_raw=0.10 penalty=0.00 final_bonus=0.10 effective_score=3.35 threshold=3.20
2026-04-17 21:02:14,526 - [EXECUTION] DEBUG - EXECUTION_DECISION: symbol=XPLUSDT decision=OPEN reason=STRONG_SIGNAL
2026-04-17 21:02:14,527 - [EXECUTION] DEBUG - EXECUTION_DECISION: symbol=XPLUSDT decision=OPEN reason=OK
2026-04-18 19:01:21,939 - [EXECUTION] DEBUG - EXECUTION_SCORE: symbol=ETHUSDT base_score=3.25 bonus_raw=0.10 penalty=0.00 final_bonus=0.10 effective_score=3.35 threshold=3.20
2026-04-18 19:01:21,940 - [EXECUTION] DEBUG - EXECUTION_DECISION: symbol=ETHUSDT decision=OPEN reason=STRONG_SIGNAL
2026-04-18 19:01:21,941 - [EXECUTION] DEBUG - EXECUTION_DECISION: symbol=ETHUSDT decision=OPEN reason=OK
2026-04-18 19:01:25,530 - [EXECUTION] DEBUG - EXECUTION_SCORE: symbol=XAUTUSDT base_score=3.00 bonus_raw=0.10 penalty=0.00 final_bonus=0.10 effective_score=3.10 threshold=3.20
2026-04-18 19:01:25,531 - [EXECUTION] DEBUG - EXECUTION_DECISION: symbol=XAUTUSDT decision=SKIP reason=LOW_SCORE_EXECUTION
2026-04-18 19:01:25,963 - [EXECUTION] DEBUG - EXECUTION_SCORE: symbol=CLUSDT base_score=3.00 bonus_raw=0.10 penalty=0.00 final_bonus=0.10 effective_score=3.10 threshold=3.20
2026-04-18 19:01:25,964 - [EXECUTION] DEBUG - EXECUTION_DECISION: symbol=CLUSDT decision=SKIP reason=LOW_SCORE_EXECUTION
2026-04-18 19:01:26,408 - [EXECUTION] DEBUG - EXECUTION_SCORE: symbol=ONTUSDT base_score=3.00 bonus_raw=0.10 penalty=0.00 final_bonus=0.10 effective_score=3.10 threshold=3.20
2026-04-18 19:01:26,410 - [EXECUTION] DEBUG - EXECUTION_DECISION: symbol=ONTUSDT decision=SKIP reason=LOW_SCORE_EXECUTION
2026-04-18 19:01:26,851 - [EXECUTION] DEBUG - EXECUTION_SCORE: symbol=EDGEUSDT base_score=3.00 bonus_raw=0.10 penalty=0.00 final_bonus=0.10 effective_score=3.10 threshold=3.20
2026-04-18 19:01:26,855 - [EXECUTION] DEBUG - EXECUTION_DECISION: symbol=EDGEUSDT decision=SKIP reason=LOW_SCORE_EXECUTION
