2026-03-19 22:42:52,129 - INFO - {'symbol': 'ETHUSDT', 'signal_type': 'LIGHT_TEST', 'direction': 'LONG', 'entry': 2145.9, 'tp': 2167.359, 'sl': 2124.441, 'rr': 1.0, 'confidence': 0.0, 'regime': 'DEBUG', 'timestamp': '2026-03-19T19:42:52.128216+00:00', 'tf': '30m', 'trade_type': 'signal_only', 'position_size': 0.0, 'trade_risk': 0.0, 'live_mode': 'LIGHT', 'label_prefix': '[DEBUG]', 'execution_timeframes': ('30m', '1h'), 'signal_only': True, 'alert_text': '[DEBUG] Forced live test signal for ETHUSDT'}
2026-03-20 21:56:41,826 - INFO - {'symbol': 'TAOUSDT', 'signal_type': 'LIGHT_SHORT', 'direction': 'SHORT', 'entry': 271.08, 'tp': 262.0787142857142, 'sl': 277.08085714285716, 'rr': 1.5, 'confidence': 0.444444, 'score': 3.2, 'max_score': 7.2, 'passed_filters': ['MACD', 'BODY', 'VOLUME'], 'failed_filters': ['EMA', 'SMA', 'RSI', 'VOLUME'], 'regime': 'LIGHT_RANGE', 'timestamp': '2026-03-20 18:00:00+00:00', 'tf': '30m', 'trade_type': 'signal_only', 'position_size': 0.0, 'trade_risk': 0.0, 'live_mode': 'LIGHT', 'label_prefix': '[LIGHT]', 'execution_timeframes': ('30m', '1h'), 'signal_only': True, 'alert_text': '[LIGHT] ALERT: TAOUSDT SHORT | EMA/SMA + RSI + MACD + volume filters'}
2026-03-20 21:56:41,827 - INFO - {'symbol': 'HYPEUSDT', 'signal_type': 'LIGHT_SHORT', 'direction': 'SHORT', 'entry': 38.832, 'tp': 37.9842, 'sl': 39.3972, 'rr': 1.5000000000000062, 'confidence': 0.722222, 'score': 5.2, 'max_score': 7.2, 'passed_filters': ['SMA', 'MACD', 'BODY', 'VOLUME', 'VOLUME'], 'failed_filters': ['EMA', 'RSI'], 'regime': 'LIGHT_RANGE', 'timestamp': '2026-03-20 18:00:00+00:00', 'tf': '30m', 'trade_type': 'signal_only', 'position_size': 0.0, 'trade_risk': 0.0, 'live_mode': 'LIGHT', 'label_prefix': '[LIGHT]', 'execution_timeframes': ('30m', '1h'), 'signal_only': True, 'alert_text': '[LIGHT] ALERT: HYPEUSDT SHORT | EMA/SMA + RSI + MACD + volume filters'}
2026-03-20 21:56:41,827 - INFO - {'symbol': 'XAUTUSDT', 'signal_type': 'LIGHT_LONG', 'direction': 'LONG', 'entry': 4559.4, 'tp': 4620.355714285714, 'sl': 4518.762857142857, 'rr': 1.500000000000011, 'confidence': 0.416667, 'score': 3.0, 'max_score': 7.2, 'passed_filters': ['RSI', 'BODY', 'VOLUME'], 'failed_filters': ['EMA', 'SMA', 'MACD', 'VOLUME'], 'regime': 'LIGHT_RANGE', 'timestamp': '2026-03-20 18:00:00+00:00', 'tf': '30m', 'trade_type': 'signal_only', 'position_size': 0.0, 'trade_risk': 0.0, 'live_mode': 'LIGHT', 'label_prefix': '[LIGHT]', 'execution_timeframes': ('30m', '1h'), 'signal_only': True, 'alert_text': '[LIGHT] ALERT: XAUTUSDT LONG | EMA/SMA + RSI + MACD + volume filters'}
2026-03-20 21:56:41,827 - INFO - {'symbol': 'LYNUSDT', 'signal_type': 'LIGHT_LONG', 'direction': 'LONG', 'entry': 0.06671, 'tp': 0.07546185714285715, 'sl': 0.06087542857142858, 'rr': 1.500000000000001, 'confidence': 0.444444, 'score': 3.2, 'max_score': 7.2, 'passed_filters': ['MACD', 'BODY', 'VOLUME'], 'failed_filters': ['EMA', 'SMA', 'RSI', 'VOLUME'], 'regime': 'LIGHT_RANGE', 'timestamp': '2026-03-20 18:00:00+00:00', 'tf': '30m', 'trade_type': 'signal_only', 'position_size': 0.0, 'trade_risk': 0.0, 'live_mode': 'LIGHT', 'label_prefix': '[LIGHT]', 'execution_timeframes': ('30m', '1h'), 'signal_only': True, 'alert_text': '[LIGHT] ALERT: LYNUSDT LONG | EMA/SMA + RSI + MACD + volume filters'}
2026-03-20 21:56:41,827 - INFO - {'symbol': 'RIVERUSDT', 'signal_type': 'LIGHT_SHORT', 'direction': 'SHORT', 'entry': 21.945, 'tp': 20.302114285714286, 'sl': 23.040257142857143, 'rr': 1.5, 'confidence': 0.527778, 'score': 3.8, 'max_score': 7.2, 'passed_filters': ['EMA', 'SMA', 'BODY', 'VOLUME'], 'failed_filters': ['RSI', 'MACD', 'VOLUME'], 'regime': 'LIGHT_RANGE', 'timestamp': '2026-03-20 18:00:00+00:00', 'tf': '30m', 'trade_type': 'signal_only', 'position_size': 0.0, 'trade_risk': 0.0, 'live_mode': 'LIGHT', 'label_prefix': '[LIGHT]', 'execution_timeframes': ('30m', '1h'), 'signal_only': True, 'alert_text': '[LIGHT] ALERT: RIVERUSDT SHORT | EMA/SMA + RSI + MACD + volume filters'}
2026-03-20 21:56:41,828 - INFO - {'symbol': 'FARTCOINUSDT', 'signal_type': 'LIGHT_SHORT', 'direction': 'SHORT', 'entry': 0.19335, 'tp': 0.18673628571428572, 'sl': 0.19775914285714286, 'rr': 1.499999999999997, 'confidence': 0.555556, 'score': 4.0, 'max_score': 7.2, 'passed_filters': ['SMA', 'MACD', 'BODY', 'VOLUME'], 'failed_filters': ['EMA', 'RSI', 'VOLUME'], 'regime': 'LIGHT_RANGE', 'timestamp': '2026-03-20 18:00:00+00:00', 'tf': '30m', 'trade_type': 'signal_only', 'position_size': 0.0, 'trade_risk': 0.0, 'live_mode': 'LIGHT', 'label_prefix': '[LIGHT]', 'execution_timeframes': ('30m', '1h'), 'signal_only': True, 'alert_text': '[LIGHT] ALERT: FARTCOINUSDT SHORT | EMA/SMA + RSI + MACD + volume filters'}
2026-03-20 21:56:41,830 - INFO - {'symbol': 'UAIUSDT', 'signal_type': 'LIGHT_LONG', 'direction': 'LONG', 'entry': 0.40727, 'tp': 0.4745617142857143, 'sl': 0.3624088571428572, 'rr': 1.5000000000000013, 'confidence': 0.416667, 'score': 3.0, 'max_score': 7.2, 'passed_filters': ['RSI', 'BODY', 'VOLUME'], 'failed_filters': ['EMA', 'SMA', 'MACD', 'VOLUME'], 'regime': 'LIGHT_RANGE', 'timestamp': '2026-03-20 18:00:00+00:00', 'tf': '30m', 'trade_type': 'signal_only', 'position_size': 0.0, 'trade_risk': 0.0, 'live_mode': 'LIGHT', 'label_prefix': '[LIGHT]', 'execution_timeframes': ('30m', '1h'), 'signal_only': True, 'alert_text': '[LIGHT] ALERT: UAIUSDT LONG | EMA/SMA + RSI + MACD + volume filters'}
2026-03-20 21:56:41,830 - INFO - {'symbol': 'WAXPUSDT', 'signal_type': 'LIGHT_SHORT', 'direction': 'SHORT', 'entry': 0.008197, 'tp': 0.007618942857142857, 'sl': 0.008582371428571428, 'rr': 1.4999999999999978, 'confidence': 0.444444, 'score': 3.2, 'max_score': 7.2, 'passed_filters': ['MACD', 'BODY', 'VOLUME'], 'failed_filters': ['EMA', 'SMA', 'RSI', 'VOLUME'], 'regime': 'LIGHT_RANGE', 'timestamp': '2026-03-20 18:00:00+00:00', 'tf': '30m', 'trade_type': 'signal_only', 'position_size': 0.0, 'trade_risk': 0.0, 'live_mode': 'LIGHT', 'label_prefix': '[LIGHT]', 'execution_timeframes': ('30m', '1h'), 'signal_only': True, 'alert_text': '[LIGHT] ALERT: WAXPUSDT SHORT | EMA/SMA + RSI + MACD + volume filters'}
2026-03-20 21:56:41,830 - INFO - {'symbol': 'PAXGUSDT', 'signal_type': 'LIGHT_LONG', 'direction': 'LONG', 'entry': 4567.0, 'tp': 4627.518571428572, 'sl': 4526.654285714286, 'rr': 1.5000000000000113, 'confidence': 0.583333, 'score': 4.2, 'max_score': 7.2, 'passed_filters': ['RSI', 'BODY', 'VOLUME', 'VOLUME'], 'failed_filters': ['EMA', 'SMA', 'MACD'], 'regime': 'LIGHT_RANGE', 'timestamp': '2026-03-20 18:00:00+00:00', 'tf': '30m', 'trade_type': 'signal_only', 'position_size': 0.0, 'trade_risk': 0.0, 'live_mode': 'LIGHT', 'label_prefix': '[LIGHT]', 'execution_timeframes': ('30m', '1h'), 'signal_only': True, 'alert_text': '[LIGHT] ALERT: PAXGUSDT LONG | EMA/SMA + RSI + MACD + volume filters'}
2026-03-20 21:56:41,831 - INFO - {'symbol': 'SAHARAUSDT', 'signal_type': 'LIGHT_LONG', 'direction': 'LONG', 'entry': 0.029084, 'tp': 0.03003015714285714, 'sl': 0.02845322857142857, 'rr': 1.5000000000000027, 'confidence': 0.722222, 'score': 5.2, 'max_score': 7.2, 'passed_filters': ['SMA', 'MACD', 'BODY', 'VOLUME', 'VOLUME'], 'failed_filters': ['EMA', 'RSI'], 'regime': 'LIGHT_RANGE', 'timestamp': '2026-03-20 18:00:00+00:00', 'tf': '30m', 'trade_type': 'signal_only', 'position_size': 0.0, 'trade_risk': 0.0, 'live_mode': 'LIGHT', 'label_prefix': '[LIGHT]', 'execution_timeframes': ('30m', '1h'), 'signal_only': True, 'alert_text': '[LIGHT] ALERT: SAHARAUSDT LONG | EMA/SMA + RSI + MACD + volume filters'}
2026-03-20 21:56:41,831 - INFO - {'symbol': 'NEARUSDT', 'signal_type': 'LIGHT_SHORT', 'direction': 'SHORT', 'entry': 1.3225, 'tp': 1.3014528571428572, 'sl': 1.3365314285714287, 'rr': 1.4999999999999842, 'confidence': 0.555556, 'score': 4.0, 'max_score': 7.2, 'passed_filters': ['SMA', 'MACD', 'BODY', 'VOLUME'], 'failed_filters': ['EMA', 'RSI', 'VOLUME'], 'regime': 'LIGHT_RANGE', 'timestamp': '2026-03-20 18:00:00+00:00', 'tf': '30m', 'trade_type': 'signal_only', 'position_size': 0.0, 'trade_risk': 0.0, 'live_mode': 'LIGHT', 'label_prefix': '[LIGHT]', 'execution_timeframes': ('30m', '1h'), 'signal_only': True, 'alert_text': '[LIGHT] ALERT: NEARUSDT SHORT | EMA/SMA + RSI + MACD + volume filters'}
2026-03-20 21:56:41,834 - INFO - {'symbol': 'XAUUSDT', 'signal_type': 'LIGHT_LONG', 'direction': 'LONG', 'entry': 4562.63, 'tp': 4625.365142857143, 'sl': 4520.806571428571, 'rr': 1.4999999999999891, 'confidence': 0.416667, 'score': 3.0, 'max_score': 7.2, 'passed_filters': ['RSI', 'BODY', 'VOLUME'], 'failed_filters': ['EMA', 'SMA', 'MACD', 'VOLUME'], 'regime': 'LIGHT_RANGE', 'timestamp': '2026-03-20 18:00:00+00:00', 'tf': '30m', 'trade_type': 'signal_only', 'position_size': 0.0, 'trade_risk': 0.0, 'live_mode': 'LIGHT', 'label_prefix': '[LIGHT]', 'execution_timeframes': ('30m', '1h'), 'signal_only': True, 'alert_text': '[LIGHT] ALERT: XAUUSDT LONG | EMA/SMA + RSI + MACD + volume filters'}
2026-03-20 21:56:41,834 - INFO - {'symbol': 'BANUSDT', 'signal_type': 'LIGHT_SHORT', 'direction': 'SHORT', 'entry': 0.05276, 'tp': 0.049667857142857146, 'sl': 0.05482142857142857, 'rr': 1.5000000000000018, 'confidence': 0.555556, 'score': 4.0, 'max_score': 7.2, 'passed_filters': ['SMA', 'MACD', 'BODY', 'VOLUME'], 'failed_filters': ['EMA', 'RSI', 'VOLUME'], 'regime': 'LIGHT_RANGE', 'timestamp': '2026-03-20 18:00:00+00:00', 'tf': '30m', 'trade_type': 'signal_only', 'position_size': 0.0, 'trade_risk': 0.0, 'live_mode': 'LIGHT', 'label_prefix': '[LIGHT]', 'execution_timeframes': ('30m', '1h'), 'signal_only': True, 'alert_text': '[LIGHT] ALERT: BANUSDT SHORT | EMA/SMA + RSI + MACD + volume filters'}
2026-03-20 21:56:41,835 - INFO - {'symbol': 'APTUSDT', 'signal_type': 'LIGHT_SHORT', 'direction': 'SHORT', 'entry': 0.9946, 'tp': 0.9659028571428572, 'sl': 1.0137314285714285, 'rr': 1.5000000000000087, 'confidence': 0.444444, 'score': 3.2, 'max_score': 7.2, 'passed_filters': ['MACD', 'BODY', 'VOLUME'], 'failed_filters': ['EMA', 'SMA', 'RSI', 'VOLUME'], 'regime': 'LIGHT_RANGE', 'timestamp': '2026-03-20 18:00:00+00:00', 'tf': '30m', 'trade_type': 'signal_only', 'position_size': 0.0, 'trade_risk': 0.0, 'live_mode': 'LIGHT', 'label_prefix': '[LIGHT]', 'execution_timeframes': ('30m', '1h'), 'signal_only': True, 'alert_text': '[LIGHT] ALERT: APTUSDT SHORT | EMA/SMA + RSI + MACD + volume filters'}
2026-03-20 21:56:41,835 - INFO - {'symbol': 'KASUSDT', 'signal_type': 'LIGHT_SHORT', 'direction': 'SHORT', 'entry': 0.03794, 'tp': 0.036219714285714286, 'sl': 0.039086857142857145, 'rr': 1.5, 'confidence': 0.555556, 'score': 4.0, 'max_score': 7.2, 'passed_filters': ['SMA', 'BODY', 'VOLUME', 'VOLUME'], 'failed_filters': ['EMA', 'RSI', 'MACD'], 'regime': 'LIGHT_RANGE', 'timestamp': '2026-03-20 18:00:00+00:00', 'tf': '30m', 'trade_type': 'signal_only', 'position_size': 0.0, 'trade_risk': 0.0, 'live_mode': 'LIGHT', 'label_prefix': '[LIGHT]', 'execution_timeframes': ('30m', '1h'), 'signal_only': True, 'alert_text': '[LIGHT] ALERT: KASUSDT SHORT | EMA/SMA + RSI + MACD + volume filters'}
2026-03-20 21:56:41,836 - INFO - {'symbol': 'WIFUSDT', 'signal_type': 'LIGHT_SHORT', 'direction': 'SHORT', 'entry': 0.17754, 'tp': 0.1736417142857143, 'sl': 0.18013885714285716, 'rr': 1.4999999999999947, 'confidence': 0.444444, 'score': 3.2, 'max_score': 7.2, 'passed_filters': ['MACD', 'BODY', 'VOLUME'], 'failed_filters': ['EMA', 'SMA', 'RSI', 'VOLUME'], 'regime': 'LIGHT_RANGE', 'timestamp': '2026-03-20 18:00:00+00:00', 'tf': '30m', 'trade_type': 'signal_only', 'position_size': 0.0, 'trade_risk': 0.0, 'live_mode': 'LIGHT', 'label_prefix': '[LIGHT]', 'execution_timeframes': ('30m', '1h'), 'signal_only': True, 'alert_text': '[LIGHT] ALERT: WIFUSDT SHORT | EMA/SMA + RSI + MACD + volume filters'}
2026-03-20 21:56:41,836 - INFO - {'symbol': 'BCHUSDT', 'signal_type': 'LIGHT_SHORT', 'direction': 'SHORT', 'entry': 465.0, 'tp': 459.72857142857146, 'sl': 468.5142857142857, 'rr': 1.500000000000008, 'confidence': 0.444444, 'score': 3.2, 'max_score': 7.2, 'passed_filters': ['MACD', 'BODY', 'VOLUME'], 'failed_filters': ['EMA', 'SMA', 'RSI', 'VOLUME'], 'regime': 'LIGHT_RANGE', 'timestamp': '2026-03-20 18:00:00+00:00', 'tf': '30m', 'trade_type': 'signal_only', 'position_size': 0.0, 'trade_risk': 0.0, 'live_mode': 'LIGHT', 'label_prefix': '[LIGHT]', 'execution_timeframes': ('30m', '1h'), 'signal_only': True, 'alert_text': '[LIGHT] ALERT: BCHUSDT SHORT | EMA/SMA + RSI + MACD + volume filters'}
2026-03-20 21:56:41,836 - INFO - {'symbol': 'XPLUSDT', 'signal_type': 'LIGHT_LONG', 'direction': 'LONG', 'entry': 0.09476, 'tp': 0.09794599999999999, 'sl': 0.092636, 'rr': 1.4999999999999967, 'confidence': 0.416667, 'score': 3.0, 'max_score': 7.2, 'passed_filters': ['RSI', 'BODY', 'VOLUME'], 'failed_filters': ['EMA', 'SMA', 'MACD', 'VOLUME'], 'regime': 'LIGHT_RANGE', 'timestamp': '2026-03-20 18:00:00+00:00', 'tf': '30m', 'trade_type': 'signal_only', 'position_size': 0.0, 'trade_risk': 0.0, 'live_mode': 'LIGHT', 'label_prefix': '[LIGHT]', 'execution_timeframes': ('30m', '1h'), 'signal_only': True, 'alert_text': '[LIGHT] ALERT: XPLUSDT LONG | EMA/SMA + RSI + MACD + volume filters'}
2026-03-20 21:56:41,837 - INFO - {'symbol': 'SIRENUSDT', 'signal_type': 'LIGHT_SHORT', 'direction': 'SHORT', 'entry': 0.90489, 'tp': 0.8682587142857143, 'sl': 0.9293108571428571, 'rr': 1.4999999999999978, 'confidence': 0.444444, 'score': 3.2, 'max_score': 7.2, 'passed_filters': ['MACD', 'BODY', 'VOLUME'], 'failed_filters': ['EMA', 'SMA', 'RSI', 'VOLUME'], 'regime': 'LIGHT_RANGE', 'timestamp': '2026-03-20 18:00:00+00:00', 'tf': '30m', 'trade_type': 'signal_only', 'position_size': 0.0, 'trade_risk': 0.0, 'live_mode': 'LIGHT', 'label_prefix': '[LIGHT]', 'execution_timeframes': ('30m', '1h'), 'signal_only': True, 'alert_text': '[LIGHT] ALERT: SIRENUSDT SHORT | EMA/SMA + RSI + MACD + volume filters'}
2026-03-20 21:56:41,837 - INFO - {'symbol': 'AAVEUSDT', 'signal_type': 'LIGHT_SHORT', 'direction': 'SHORT', 'entry': 109.91, 'tp': 108.23471428571428, 'sl': 111.02685714285714, 'rr': 1.5000000000000064, 'confidence': 0.555556, 'score': 4.0, 'max_score': 7.2, 'passed_filters': ['SMA', 'MACD', 'BODY', 'VOLUME'], 'failed_filters': ['EMA', 'RSI', 'VOLUME'], 'regime': 'LIGHT_RANGE', 'timestamp': '2026-03-20 18:00:00+00:00', 'tf': '30m', 'trade_type': 'signal_only', 'position_size': 0.0, 'trade_risk': 0.0, 'live_mode': 'LIGHT', 'label_prefix': '[LIGHT]', 'execution_timeframes': ('30m', '1h'), 'signal_only': True, 'alert_text': '[LIGHT] ALERT: AAVEUSDT SHORT | EMA/SMA + RSI + MACD + volume filters'}
2026-03-20 21:56:41,837 - INFO - {'symbol': 'ATHUSDT', 'signal_type': 'LIGHT_SHORT', 'direction': 'SHORT', 'entry': 0.008002, 'tp': 0.007663728571428572, 'sl': 0.008227514285714286, 'rr': 1.5000000000000038, 'confidence': 0.416667, 'score': 3.0, 'max_score': 7.2, 'passed_filters': ['RSI', 'BODY', 'VOLUME'], 'failed_filters': ['EMA', 'SMA', 'MACD', 'VOLUME'], 'regime': 'LIGHT_RANGE', 'timestamp': '2026-03-20 18:00:00+00:00', 'tf': '30m', 'trade_type': 'signal_only', 'position_size': 0.0, 'trade_risk': 0.0, 'live_mode': 'LIGHT', 'label_prefix': '[LIGHT]', 'execution_timeframes': ('30m', '1h'), 'signal_only': True, 'alert_text': '[LIGHT] ALERT: ATHUSDT SHORT | EMA/SMA + RSI + MACD + volume filters'}
2026-03-20 21:56:41,838 - INFO - {'symbol': 'BEATUSDT', 'signal_type': 'LIGHT_SHORT', 'direction': 'SHORT', 'entry': 0.57156, 'tp': 0.5383345714285714, 'sl': 0.5937102857142856, 'rr': 1.5, 'confidence': 0.555556, 'score': 4.0, 'max_score': 7.2, 'passed_filters': ['SMA', 'MACD', 'BODY', 'VOLUME'], 'failed_filters': ['EMA', 'RSI', 'VOLUME'], 'regime': 'LIGHT_RANGE', 'timestamp': '2026-03-20 18:00:00+00:00', 'tf': '30m', 'trade_type': 'signal_only', 'position_size': 0.0, 'trade_risk': 0.0, 'live_mode': 'LIGHT', 'label_prefix': '[LIGHT]', 'execution_timeframes': ('30m', '1h'), 'signal_only': True, 'alert_text': '[LIGHT] ALERT: BEATUSDT SHORT | EMA/SMA + RSI + MACD + volume filters'}
2026-03-20 21:56:41,838 - INFO - {'symbol': 'RENDERUSDT', 'signal_type': 'LIGHT_SHORT', 'direction': 'SHORT', 'entry': 1.6935, 'tp': 1.663452857142857, 'sl': 1.7135314285714287, 'rr': 1.4999999999999944, 'confidence': 0.444444, 'score': 3.2, 'max_score': 7.2, 'passed_filters': ['MACD', 'BODY', 'VOLUME'], 'failed_filters': ['EMA', 'SMA', 'RSI', 'VOLUME'], 'regime': 'LIGHT_RANGE', 'timestamp': '2026-03-20 18:00:00+00:00', 'tf': '30m', 'trade_type': 'signal_only', 'position_size': 0.0, 'trade_risk': 0.0, 'live_mode': 'LIGHT', 'label_prefix': '[LIGHT]', 'execution_timeframes': ('30m', '1h'), 'signal_only': True, 'alert_text': '[LIGHT] ALERT: RENDERUSDT SHORT | EMA/SMA + RSI + MACD + volume filters'}
2026-03-20 23:38:02,971 - INFO - [LIGHT] 📡 SIGNAL

Symbol:    TAOUSDT
Direction: LONG
Timeframe: 30m

Entry: 267.130000
TP:    275.574571
SL:    261.500286
RR:    1.50

Score:      3.00 / 7.20
Confidence: 0.42

Passed: RSI, BODY
Failed: EMA, SMA, MACD, VOLUME

Regime: LIGHT_RANGE
Time:   2026-03-20 20:00:00+00:00
2026-03-20 23:38:02,971 - INFO - [LIGHT] 📡 SIGNAL

Symbol:    HYPEUSDT
Direction: SHORT
Timeframe: 30m

Entry: 39.116000
TP:    38.113786
SL:    39.784143
RR:    1.50

Score:      3.20 / 7.20
Confidence: 0.44

Passed: SMA, VOLUME
Failed: EMA, RSI, MACD, BODY

Regime: LIGHT_RANGE
Time:   2026-03-20 20:00:00+00:00
2026-03-20 23:38:02,971 - INFO - [LIGHT] 📡 SIGNAL

Symbol:    LYNUSDT
Direction: LONG
Timeframe: 30m

Entry: 0.067640
TP:    0.074710
SL:    0.062927
RR:    1.50

Score:      3.20 / 7.20
Confidence: 0.44

Passed: MACD, BODY
Failed: EMA, SMA, RSI, VOLUME

Regime: LIGHT_RANGE
Time:   2026-03-20 20:00:00+00:00
2026-03-20 23:38:02,971 - INFO - [LIGHT] 📡 SIGNAL

Symbol:    RIVERUSDT
Direction: SHORT
Timeframe: 30m

Entry: 21.503000
TP:    20.123043
SL:    22.422971
RR:    1.50

Score:      3.20 / 7.20
Confidence: 0.44

Passed: SMA, MACD
Failed: EMA, RSI, BODY, VOLUME

Regime: LIGHT_RANGE
Time:   2026-03-20 20:00:00+00:00
2026-03-20 23:38:02,971 - INFO - [LIGHT] 📡 SIGNAL

Symbol:    FARTCOINUSDT
Direction: SHORT
Timeframe: 30m

Entry: 0.190520
TP:    0.183420
SL:    0.195253
RR:    1.50

Score:      5.20 / 7.20
Confidence: 0.72

Passed: SMA, MACD, BODY, VOLUME
Failed: EMA, RSI

Regime: LIGHT_RANGE
Time:   2026-03-20 20:00:00+00:00
2026-03-20 23:38:02,971 - INFO - [LIGHT] 📡 SIGNAL

Symbol:    UAIUSDT
Direction: LONG
Timeframe: 30m

Entry: 0.428070
TP:    0.492372
SL:    0.385202
RR:    1.50

Score:      3.20 / 7.20
Confidence: 0.44

Passed: MACD, BODY
Failed: EMA, SMA, RSI, VOLUME

Regime: LIGHT_RANGE
Time:   2026-03-20 20:00:00+00:00
2026-03-20 23:38:02,971 - INFO - [LIGHT] 📡 SIGNAL

Symbol:    WAXPUSDT
Direction: SHORT
Timeframe: 30m

Entry: 0.008411
TP:    0.007906
SL:    0.008748
RR:    1.50

Score:      3.00 / 7.20
Confidence: 0.42

Passed: RSI, BODY
Failed: EMA, SMA, MACD, VOLUME

Regime: LIGHT_RANGE
Time:   2026-03-20 20:00:00+00:00
2026-03-20 23:38:02,971 - INFO - [LIGHT] 📡 SIGNAL

Symbol:    ADAUSDT
Direction: SHORT
Timeframe: 30m

Entry: 0.262800
TP:    0.259200
SL:    0.265200
RR:    1.50

Score:      4.00 / 7.20
Confidence: 0.56

Passed: SMA, MACD, BODY
Failed: EMA, RSI, VOLUME

Regime: LIGHT_RANGE
Time:   2026-03-20 20:00:00+00:00
2026-03-20 23:38:02,971 - INFO - [LIGHT] 📡 SIGNAL

Symbol:    SAHARAUSDT
Direction: SHORT
Timeframe: 30m

Entry: 0.029752
TP:    0.028509
SL:    0.030581
RR:    1.50

Score:      4.20 / 7.20
Confidence: 0.58

Passed: RSI, BODY, VOLUME
Failed: EMA, SMA, MACD

Regime: LIGHT_RANGE
Time:   2026-03-20 20:00:00+00:00
2026-03-20 23:38:02,971 - INFO - [LIGHT] 📡 SIGNAL

Symbol:    NEARUSDT
Direction: SHORT
Timeframe: 30m

Entry: 1.314900
TP:    1.293364
SL:    1.329257
RR:    1.50

Score:      4.00 / 7.20
Confidence: 0.56

Passed: SMA, MACD, BODY
Failed: EMA, RSI, VOLUME

Regime: LIGHT_RANGE
Time:   2026-03-20 20:00:00+00:00
2026-03-20 23:38:02,985 - INFO - [LIGHT] 📡 SIGNAL

Symbol:    ENAUSDT
Direction: LONG
Timeframe: 30m

Entry: 0.100870
TP:    0.102651
SL:    0.099683
RR:    1.50

Score:      3.00 / 7.20
Confidence: 0.42

Passed: RSI, BODY
Failed: EMA, SMA, MACD, VOLUME

Regime: LIGHT_RANGE
Time:   2026-03-20 20:00:00+00:00
2026-03-20 23:38:02,987 - INFO - [LIGHT] 📡 SIGNAL

Symbol:    BANUSDT
Direction: LONG
Timeframe: 30m

Entry: 0.052960
TP:    0.055696
SL:    0.051136
RR:    1.50

Score:      3.20 / 7.20
Confidence: 0.44

Passed: MACD, BODY
Failed: EMA, SMA, RSI, VOLUME

Regime: LIGHT_RANGE
Time:   2026-03-20 20:00:00+00:00
2026-03-20 23:38:02,987 - INFO - [LIGHT] 📡 SIGNAL

Symbol:    KASUSDT
Direction: LONG
Timeframe: 30m

Entry: 0.036630
TP:    0.038755
SL:    0.035213
RR:    1.50

Score:      3.20 / 7.20
Confidence: 0.44

Passed: MACD, BODY
Failed: EMA, SMA, RSI, VOLUME

Regime: LIGHT_RANGE
Time:   2026-03-20 20:00:00+00:00
2026-03-20 23:38:02,988 - INFO - [LIGHT] 📡 SIGNAL

Symbol:    KITEUSDT
Direction: LONG
Timeframe: 30m

Entry: 0.220120
TP:    0.225907
SL:    0.216262
RR:    1.50

Score:      3.20 / 7.20
Confidence: 0.44

Passed: SMA, MACD
Failed: EMA, RSI, BODY, VOLUME

Regime: LIGHT_RANGE
Time:   2026-03-20 20:00:00+00:00
2026-03-20 23:38:02,990 - INFO - [LIGHT] 📡 SIGNAL

Symbol:    WIFUSDT
Direction: SHORT
Timeframe: 30m

Entry: 0.176530
TP:    0.172589
SL:    0.179157
RR:    1.50

Score:      4.20 / 7.20
Confidence: 0.58

Passed: EMA, MACD, BODY
Failed: SMA, RSI, VOLUME

Regime: LIGHT_RANGE
Time:   2026-03-20 20:00:00+00:00
2026-03-20 23:38:02,991 - INFO - [LIGHT] 📡 SIGNAL

Symbol:    BCHUSDT
Direction: SHORT
Timeframe: 30m

Entry: 465.800000
TP:    460.232857
SL:    469.511429
RR:    1.50

Score:      3.20 / 7.20
Confidence: 0.44

Passed: MACD, BODY
Failed: EMA, SMA, RSI, VOLUME

Regime: LIGHT_RANGE
Time:   2026-03-20 20:00:00+00:00
2026-03-20 23:38:02,991 - INFO - [LIGHT] 📡 SIGNAL

Symbol:    XPLUSDT
Direction: LONG
Timeframe: 30m

Entry: 0.093090
TP:    0.096291
SL:    0.090956
RR:    1.50

Score:      3.00 / 7.20
Confidence: 0.42

Passed: RSI, BODY
Failed: EMA, SMA, MACD, VOLUME

Regime: LIGHT_RANGE
Time:   2026-03-20 20:00:00+00:00
2026-03-20 23:38:02,993 - INFO - [LIGHT] 📡 SIGNAL

Symbol:    DOTUSDT
Direction: SHORT
Timeframe: 30m

Entry: 1.500800
TP:    1.478904
SL:    1.515397
RR:    1.50

Score:      4.00 / 7.20
Confidence: 0.56

Passed: SMA, MACD, BODY
Failed: EMA, RSI, VOLUME

Regime: LIGHT_RANGE
Time:   2026-03-20 20:00:00+00:00
2026-03-20 23:38:02,993 - INFO - [LIGHT] 📡 SIGNAL

Symbol:    ATHUSDT
Direction: SHORT
Timeframe: 30m

Entry: 0.007712
TP:    0.007407
SL:    0.007916
RR:    1.50

Score:      3.20 / 7.20
Confidence: 0.44

Passed: MACD, BODY
Failed: EMA, SMA, RSI, VOLUME

Regime: LIGHT_RANGE
Time:   2026-03-20 20:00:00+00:00
2026-03-20 23:38:02,994 - INFO - [LIGHT] 📡 SIGNAL

Symbol:    BEATUSDT
Direction: SHORT
Timeframe: 30m

Entry: 0.545820
TP:    0.518073
SL:    0.564318
RR:    1.50

Score:      5.20 / 7.20
Confidence: 0.72

Passed: SMA, MACD, BODY, VOLUME
Failed: EMA, RSI

Regime: LIGHT_RANGE
Time:   2026-03-20 20:00:00+00:00
2026-03-20 23:38:02,994 - INFO - [LIGHT] 📡 SIGNAL

Symbol:    AAVEUSDT
Direction: LONG
Timeframe: 30m

Entry: 110.140000
TP:    111.832000
SL:    109.012000
RR:    1.50

Score:      3.20 / 7.20
Confidence: 0.44

Passed: MACD, BODY
Failed: EMA, SMA, RSI, VOLUME

Regime: LIGHT_RANGE
Time:   2026-03-20 20:00:00+00:00
2026-03-20 23:38:02,997 - INFO - [LIGHT] 📡 SIGNAL

Symbol:    RENDERUSDT
Direction: SHORT
Timeframe: 30m

Entry: 1.681100
TP:    1.650629
SL:    1.701414
RR:    1.50

Score:      4.00 / 7.20
Confidence: 0.56

Passed: SMA, MACD, BODY
Failed: EMA, RSI, VOLUME

Regime: LIGHT_RANGE
Time:   2026-03-20 20:00:00+00:00
2026-03-20 23:41:12,939 - INFO - [LIGHT] 📡 SIGNAL

Symbol:    BTCUSDT
Direction: LONG
Timeframe: 30m

Entry: 69943.800000
TP:    70766.850000
SL:    69395.100000
RR:    1.50

Score:      3.20 / 7.20
Confidence: 0.44

Passed: MACD, BODY
Failed: EMA, SMA, RSI, VOLUME

Regime: LIGHT_RANGE
Time:   2026-03-20 20:00:00+00:00
2026-03-20 23:41:12,939 - INFO - [LIGHT] 📡 SIGNAL

Symbol:    TAOUSDT
Direction: LONG
Timeframe: 30m

Entry: 267.130000
TP:    275.574571
SL:    261.500286
RR:    1.50

Score:      3.00 / 7.20
Confidence: 0.42

Passed: RSI, BODY
Failed: EMA, SMA, MACD, VOLUME

Regime: LIGHT_RANGE
Time:   2026-03-20 20:00:00+00:00
2026-03-20 23:41:12,939 - INFO - [LIGHT] 📡 SIGNAL

Symbol:    HYPEUSDT
Direction: SHORT
Timeframe: 30m

Entry: 39.116000
TP:    38.113786
SL:    39.784143
RR:    1.50

Score:      3.20 / 7.20
Confidence: 0.44

Passed: SMA, VOLUME
Failed: EMA, RSI, MACD, BODY

Regime: LIGHT_RANGE
Time:   2026-03-20 20:00:00+00:00
2026-03-20 23:41:12,939 - INFO - [LIGHT] 📡 SIGNAL

Symbol:    LYNUSDT
Direction: LONG
Timeframe: 30m

Entry: 0.067640
TP:    0.074710
SL:    0.062927
RR:    1.50

Score:      3.20 / 7.20
Confidence: 0.44

Passed: MACD, BODY
Failed: EMA, SMA, RSI, VOLUME

Regime: LIGHT_RANGE
Time:   2026-03-20 20:00:00+00:00
2026-03-20 23:41:12,939 - INFO - [LIGHT] 📡 SIGNAL

Symbol:    RIVERUSDT
Direction: SHORT
Timeframe: 30m

Entry: 21.503000
TP:    20.123043
SL:    22.422971
RR:    1.50

Score:      3.20 / 7.20
Confidence: 0.44

Passed: SMA, MACD
Failed: EMA, RSI, BODY, VOLUME

Regime: LIGHT_RANGE
Time:   2026-03-20 20:00:00+00:00
2026-03-20 23:41:12,939 - INFO - [LIGHT] 📡 SIGNAL

Symbol:    FARTCOINUSDT
Direction: SHORT
Timeframe: 30m

Entry: 0.190520
TP:    0.183420
SL:    0.195253
RR:    1.50

Score:      5.20 / 7.20
Confidence: 0.72

Passed: SMA, MACD, BODY, VOLUME
Failed: EMA, RSI

Regime: LIGHT_RANGE
Time:   2026-03-20 20:00:00+00:00
2026-03-20 23:41:12,939 - INFO - [LIGHT] 📡 SIGNAL

Symbol:    UAIUSDT
Direction: LONG
Timeframe: 30m

Entry: 0.428070
TP:    0.492372
SL:    0.385202
RR:    1.50

Score:      3.20 / 7.20
Confidence: 0.44

Passed: MACD, BODY
Failed: EMA, SMA, RSI, VOLUME

Regime: LIGHT_RANGE
Time:   2026-03-20 20:00:00+00:00
2026-03-20 23:41:12,939 - INFO - [LIGHT] 📡 SIGNAL

Symbol:    WAXPUSDT
Direction: SHORT
Timeframe: 30m

Entry: 0.008411
TP:    0.007906
SL:    0.008748
RR:    1.50

Score:      3.00 / 7.20
Confidence: 0.42

Passed: RSI, BODY
Failed: EMA, SMA, MACD, VOLUME

Regime: LIGHT_RANGE
Time:   2026-03-20 20:00:00+00:00
2026-03-20 23:41:12,939 - INFO - [LIGHT] 📡 SIGNAL

Symbol:    ADAUSDT
Direction: SHORT
Timeframe: 30m

Entry: 0.262800
TP:    0.259200
SL:    0.265200
RR:    1.50

Score:      4.00 / 7.20
Confidence: 0.56

Passed: SMA, MACD, BODY
Failed: EMA, RSI, VOLUME

Regime: LIGHT_RANGE
Time:   2026-03-20 20:00:00+00:00
2026-03-20 23:41:12,939 - INFO - [LIGHT] 📡 SIGNAL

Symbol:    SAHARAUSDT
Direction: SHORT
Timeframe: 30m

Entry: 0.029752
TP:    0.028509
SL:    0.030581
RR:    1.50

Score:      4.20 / 7.20
Confidence: 0.58

Passed: RSI, BODY, VOLUME
Failed: EMA, SMA, MACD

Regime: LIGHT_RANGE
Time:   2026-03-20 20:00:00+00:00
2026-03-20 23:41:12,939 - INFO - [LIGHT] 📡 SIGNAL

Symbol:    NEARUSDT
Direction: SHORT
Timeframe: 30m

Entry: 1.314900
TP:    1.293364
SL:    1.329257
RR:    1.50

Score:      4.00 / 7.20
Confidence: 0.56

Passed: SMA, MACD, BODY
Failed: EMA, RSI, VOLUME

Regime: LIGHT_RANGE
Time:   2026-03-20 20:00:00+00:00
2026-03-20 23:41:12,952 - INFO - [LIGHT] 📡 SIGNAL

Symbol:    ENAUSDT
Direction: LONG
Timeframe: 30m

Entry: 0.100870
TP:    0.102651
SL:    0.099683
RR:    1.50

Score:      3.00 / 7.20
Confidence: 0.42

Passed: RSI, BODY
Failed: EMA, SMA, MACD, VOLUME

Regime: LIGHT_RANGE
Time:   2026-03-20 20:00:00+00:00
2026-03-20 23:41:12,953 - INFO - [LIGHT] 📡 SIGNAL

Symbol:    BANUSDT
Direction: LONG
Timeframe: 30m

Entry: 0.052960
TP:    0.055696
SL:    0.051136
RR:    1.50

Score:      3.20 / 7.20
Confidence: 0.44

Passed: MACD, BODY
Failed: EMA, SMA, RSI, VOLUME

Regime: LIGHT_RANGE
Time:   2026-03-20 20:00:00+00:00
2026-03-20 23:41:12,953 - INFO - [LIGHT] 📡 SIGNAL

Symbol:    KASUSDT
Direction: LONG
Timeframe: 30m

Entry: 0.036630
TP:    0.038755
SL:    0.035213
RR:    1.50

Score:      3.20 / 7.20
Confidence: 0.44

Passed: MACD, BODY
Failed: EMA, SMA, RSI, VOLUME

Regime: LIGHT_RANGE
Time:   2026-03-20 20:00:00+00:00
2026-03-20 23:41:12,953 - INFO - [LIGHT] 📡 SIGNAL

Symbol:    KITEUSDT
Direction: LONG
Timeframe: 30m

Entry: 0.220120
TP:    0.225907
SL:    0.216262
RR:    1.50

Score:      3.20 / 7.20
Confidence: 0.44

Passed: SMA, MACD
Failed: EMA, RSI, BODY, VOLUME

Regime: LIGHT_RANGE
Time:   2026-03-20 20:00:00+00:00
2026-03-20 23:41:12,953 - INFO - [LIGHT] 📡 SIGNAL

Symbol:    VIRTUALUSDT
Direction: LONG
Timeframe: 30m

Entry: 0.696900
TP:    0.710336
SL:    0.687943
RR:    1.50

Score:      4.20 / 7.20
Confidence: 0.58

Passed: RSI, BODY, VOLUME
Failed: EMA, SMA, MACD

Regime: LIGHT_RANGE
Time:   2026-03-20 20:00:00+00:00
2026-03-20 23:41:12,953 - INFO - [LIGHT] 📡 SIGNAL

Symbol:    WIFUSDT
Direction: SHORT
Timeframe: 30m

Entry: 0.176530
TP:    0.172589
SL:    0.179157
RR:    1.50

Score:      4.20 / 7.20
Confidence: 0.58

Passed: EMA, MACD, BODY
Failed: SMA, RSI, VOLUME

Regime: LIGHT_RANGE
Time:   2026-03-20 20:00:00+00:00
2026-03-20 23:41:12,953 - INFO - [LIGHT] 📡 SIGNAL

Symbol:    BCHUSDT
Direction: SHORT
Timeframe: 30m

Entry: 465.800000
TP:    460.232857
SL:    469.511429
RR:    1.50

Score:      3.20 / 7.20
Confidence: 0.44

Passed: MACD, BODY
Failed: EMA, SMA, RSI, VOLUME

Regime: LIGHT_RANGE
Time:   2026-03-20 20:00:00+00:00
2026-03-20 23:41:12,953 - INFO - [LIGHT] 📡 SIGNAL

Symbol:    XPLUSDT
Direction: LONG
Timeframe: 30m

Entry: 0.093090
TP:    0.096291
SL:    0.090956
RR:    1.50

Score:      3.00 / 7.20
Confidence: 0.42

Passed: RSI, BODY
Failed: EMA, SMA, MACD, VOLUME

Regime: LIGHT_RANGE
Time:   2026-03-20 20:00:00+00:00
2026-03-20 23:41:12,953 - INFO - [LIGHT] 📡 SIGNAL

Symbol:    DOTUSDT
Direction: SHORT
Timeframe: 30m

Entry: 1.500800
TP:    1.478904
SL:    1.515397
RR:    1.50

Score:      4.00 / 7.20
Confidence: 0.56

Passed: SMA, MACD, BODY
Failed: EMA, RSI, VOLUME

Regime: LIGHT_RANGE
Time:   2026-03-20 20:00:00+00:00
2026-03-20 23:41:12,953 - INFO - [LIGHT] 📡 SIGNAL

Symbol:    ATHUSDT
Direction: SHORT
Timeframe: 30m

Entry: 0.007712
TP:    0.007407
SL:    0.007916
RR:    1.50

Score:      3.20 / 7.20
Confidence: 0.44

Passed: MACD, BODY
Failed: EMA, SMA, RSI, VOLUME

Regime: LIGHT_RANGE
Time:   2026-03-20 20:00:00+00:00
2026-03-20 23:41:12,953 - INFO - [LIGHT] 📡 SIGNAL

Symbol:    BEATUSDT
Direction: SHORT
Timeframe: 30m

Entry: 0.545820
TP:    0.518073
SL:    0.564318
RR:    1.50

Score:      5.20 / 7.20
Confidence: 0.72

Passed: SMA, MACD, BODY, VOLUME
Failed: EMA, RSI

Regime: LIGHT_RANGE
Time:   2026-03-20 20:00:00+00:00
2026-03-20 23:41:12,953 - INFO - [LIGHT] 📡 SIGNAL

Symbol:    AAVEUSDT
Direction: LONG
Timeframe: 30m

Entry: 110.140000
TP:    111.832000
SL:    109.012000
RR:    1.50

Score:      3.20 / 7.20
Confidence: 0.44

Passed: MACD, BODY
Failed: EMA, SMA, RSI, VOLUME

Regime: LIGHT_RANGE
Time:   2026-03-20 20:00:00+00:00
2026-03-20 23:44:24,571 - INFO - [LIGHT] 📡 SIGNAL

Symbol:    TAOUSDT
Direction: LONG
Timeframe: 30m

Entry: 267.130000
TP:    275.574571
SL:    261.500286
RR:    1.50

Score:      3.00 / 7.20
Confidence: 0.42

Passed: RSI, BODY
Failed: EMA, SMA, MACD, VOLUME

Regime: LIGHT_RANGE
Time:   2026-03-20 20:00:00+00:00
2026-03-20 23:44:24,571 - INFO - [LIGHT] 📡 SIGNAL

Symbol:    HYPEUSDT
Direction: SHORT
Timeframe: 30m

Entry: 39.116000
TP:    38.113786
SL:    39.784143
RR:    1.50

Score:      3.20 / 7.20
Confidence: 0.44

Passed: SMA, VOLUME
Failed: EMA, RSI, MACD, BODY

Regime: LIGHT_RANGE
Time:   2026-03-20 20:00:00+00:00
2026-03-20 23:44:24,571 - INFO - [LIGHT] 📡 SIGNAL

Symbol:    LYNUSDT
Direction: LONG
Timeframe: 30m

Entry: 0.067640
TP:    0.074710
SL:    0.062927
RR:    1.50

Score:      3.20 / 7.20
Confidence: 0.44

Passed: MACD, BODY
Failed: EMA, SMA, RSI, VOLUME

Regime: LIGHT_RANGE
Time:   2026-03-20 20:00:00+00:00
2026-03-20 23:44:24,571 - INFO - [LIGHT] 📡 SIGNAL

Symbol:    RIVERUSDT
Direction: SHORT
Timeframe: 30m

Entry: 21.503000
TP:    20.123043
SL:    22.422971
RR:    1.50

Score:      3.20 / 7.20
Confidence: 0.44

Passed: SMA, MACD
Failed: EMA, RSI, BODY, VOLUME

Regime: LIGHT_RANGE
Time:   2026-03-20 20:00:00+00:00
2026-03-20 23:44:24,571 - INFO - [LIGHT] 📡 SIGNAL

Symbol:    FARTCOINUSDT
Direction: SHORT
Timeframe: 30m

Entry: 0.190520
TP:    0.183420
SL:    0.195253
RR:    1.50

Score:      5.20 / 7.20
Confidence: 0.72

Passed: SMA, MACD, BODY, VOLUME
Failed: EMA, RSI

Regime: LIGHT_RANGE
Time:   2026-03-20 20:00:00+00:00
2026-03-20 23:44:24,571 - INFO - [LIGHT] 📡 SIGNAL

Symbol:    UAIUSDT
Direction: LONG
Timeframe: 30m

Entry: 0.428070
TP:    0.492372
SL:    0.385202
RR:    1.50

Score:      3.20 / 7.20
Confidence: 0.44

Passed: MACD, BODY
Failed: EMA, SMA, RSI, VOLUME

Regime: LIGHT_RANGE
Time:   2026-03-20 20:00:00+00:00
2026-03-20 23:44:24,571 - INFO - [LIGHT] 📡 SIGNAL

Symbol:    WAXPUSDT
Direction: SHORT
Timeframe: 30m

Entry: 0.008411
TP:    0.007906
SL:    0.008748
RR:    1.50

Score:      3.00 / 7.20
Confidence: 0.42

Passed: RSI, BODY
Failed: EMA, SMA, MACD, VOLUME

Regime: LIGHT_RANGE
Time:   2026-03-20 20:00:00+00:00
2026-03-20 23:44:24,571 - INFO - [LIGHT] 📡 SIGNAL

Symbol:    ADAUSDT
Direction: SHORT
Timeframe: 30m

Entry: 0.262800
TP:    0.259200
SL:    0.265200
RR:    1.50

Score:      4.00 / 7.20
Confidence: 0.56

Passed: SMA, MACD, BODY
Failed: EMA, RSI, VOLUME

Regime: LIGHT_RANGE
Time:   2026-03-20 20:00:00+00:00
2026-03-20 23:44:24,571 - INFO - [LIGHT] 📡 SIGNAL

Symbol:    SAHARAUSDT
Direction: SHORT
Timeframe: 30m

Entry: 0.029752
TP:    0.028509
SL:    0.030581
RR:    1.50

Score:      4.20 / 7.20
Confidence: 0.58

Passed: RSI, BODY, VOLUME
Failed: EMA, SMA, MACD

Regime: LIGHT_RANGE
Time:   2026-03-20 20:00:00+00:00
2026-03-20 23:44:24,571 - INFO - [LIGHT] 📡 SIGNAL

Symbol:    NEARUSDT
Direction: SHORT
Timeframe: 30m

Entry: 1.314900
TP:    1.293364
SL:    1.329257
RR:    1.50

Score:      4.00 / 7.20
Confidence: 0.56

Passed: SMA, MACD, BODY
Failed: EMA, RSI, VOLUME

Regime: LIGHT_RANGE
Time:   2026-03-20 20:00:00+00:00
2026-03-20 23:44:24,571 - INFO - [LIGHT] 📡 SIGNAL

Symbol:    ENAUSDT
Direction: LONG
Timeframe: 30m

Entry: 0.100870
TP:    0.102651
SL:    0.099683
RR:    1.50

Score:      3.00 / 7.20
Confidence: 0.42

Passed: RSI, BODY
Failed: EMA, SMA, MACD, VOLUME

Regime: LIGHT_RANGE
Time:   2026-03-20 20:00:00+00:00
2026-03-20 23:44:24,589 - INFO - [LIGHT] 📡 SIGNAL

Symbol:    BANUSDT
Direction: LONG
Timeframe: 30m

Entry: 0.052960
TP:    0.055696
SL:    0.051136
RR:    1.50

Score:      3.20 / 7.20
Confidence: 0.44

Passed: MACD, BODY
Failed: EMA, SMA, RSI, VOLUME

Regime: LIGHT_RANGE
Time:   2026-03-20 20:00:00+00:00
2026-03-20 23:44:24,589 - INFO - [LIGHT] 📡 SIGNAL

Symbol:    KASUSDT
Direction: LONG
Timeframe: 30m

Entry: 0.036630
TP:    0.038755
SL:    0.035213
RR:    1.50

Score:      3.20 / 7.20
Confidence: 0.44

Passed: MACD, BODY
Failed: EMA, SMA, RSI, VOLUME

Regime: LIGHT_RANGE
Time:   2026-03-20 20:00:00+00:00
2026-03-20 23:44:24,589 - INFO - [LIGHT] 📡 SIGNAL

Symbol:    KITEUSDT
Direction: LONG
Timeframe: 30m

Entry: 0.220120
TP:    0.225907
SL:    0.216262
RR:    1.50

Score:      3.20 / 7.20
Confidence: 0.44

Passed: SMA, MACD
Failed: EMA, RSI, BODY, VOLUME

Regime: LIGHT_RANGE
Time:   2026-03-20 20:00:00+00:00
2026-03-20 23:44:24,589 - INFO - [LIGHT] 📡 SIGNAL

Symbol:    VIRTUALUSDT
Direction: LONG
Timeframe: 30m

Entry: 0.696900
TP:    0.710336
SL:    0.687943
RR:    1.50

Score:      4.20 / 7.20
Confidence: 0.58

Passed: RSI, BODY, VOLUME
Failed: EMA, SMA, MACD

Regime: LIGHT_RANGE
Time:   2026-03-20 20:00:00+00:00
2026-03-20 23:44:24,589 - INFO - [LIGHT] 📡 SIGNAL

Symbol:    WIFUSDT
Direction: SHORT
Timeframe: 30m

Entry: 0.176530
TP:    0.172589
SL:    0.179157
RR:    1.50

Score:      4.20 / 7.20
Confidence: 0.58

Passed: EMA, MACD, BODY
Failed: SMA, RSI, VOLUME

Regime: LIGHT_RANGE
Time:   2026-03-20 20:00:00+00:00
2026-03-20 23:44:24,589 - INFO - [LIGHT] 📡 SIGNAL

Symbol:    BCHUSDT
Direction: SHORT
Timeframe: 30m

Entry: 465.800000
TP:    460.232857
SL:    469.511429
RR:    1.50

Score:      3.20 / 7.20
Confidence: 0.44

Passed: MACD, BODY
Failed: EMA, SMA, RSI, VOLUME

Regime: LIGHT_RANGE
Time:   2026-03-20 20:00:00+00:00
2026-03-20 23:44:24,589 - INFO - [LIGHT] 📡 SIGNAL

Symbol:    XPLUSDT
Direction: LONG
Timeframe: 30m

Entry: 0.093090
TP:    0.096291
SL:    0.090956
RR:    1.50

Score:      3.00 / 7.20
Confidence: 0.42

Passed: RSI, BODY
Failed: EMA, SMA, MACD, VOLUME

Regime: LIGHT_RANGE
Time:   2026-03-20 20:00:00+00:00
2026-03-20 23:44:24,589 - INFO - [LIGHT] 📡 SIGNAL

Symbol:    DOTUSDT
Direction: SHORT
Timeframe: 30m

Entry: 1.500800
TP:    1.478904
SL:    1.515397
RR:    1.50

Score:      4.00 / 7.20
Confidence: 0.56

Passed: SMA, MACD, BODY
Failed: EMA, RSI, VOLUME

Regime: LIGHT_RANGE
Time:   2026-03-20 20:00:00+00:00
2026-03-20 23:44:24,589 - INFO - [LIGHT] 📡 SIGNAL

Symbol:    ATHUSDT
Direction: SHORT
Timeframe: 30m

Entry: 0.007712
TP:    0.007407
SL:    0.007916
RR:    1.50

Score:      3.20 / 7.20
Confidence: 0.44

Passed: MACD, BODY
Failed: EMA, SMA, RSI, VOLUME

Regime: LIGHT_RANGE
Time:   2026-03-20 20:00:00+00:00
2026-03-20 23:44:24,589 - INFO - [LIGHT] 📡 SIGNAL

Symbol:    BEATUSDT
Direction: SHORT
Timeframe: 30m

Entry: 0.545820
TP:    0.518073
SL:    0.564318
RR:    1.50

Score:      5.20 / 7.20
Confidence: 0.72

Passed: SMA, MACD, BODY, VOLUME
Failed: EMA, RSI

Regime: LIGHT_RANGE
Time:   2026-03-20 20:00:00+00:00
2026-03-20 23:44:24,595 - INFO - [LIGHT] 📡 SIGNAL

Symbol:    AAVEUSDT
Direction: LONG
Timeframe: 30m

Entry: 110.140000
TP:    111.832000
SL:    109.012000
RR:    1.50

Score:      3.20 / 7.20
Confidence: 0.44

Passed: MACD, BODY
Failed: EMA, SMA, RSI, VOLUME

Regime: LIGHT_RANGE
Time:   2026-03-20 20:00:00+00:00
2026-03-20 23:44:24,596 - INFO - [LIGHT] 📡 SIGNAL

Symbol:    RENDERUSDT
Direction: SHORT
Timeframe: 30m

Entry: 1.681100
TP:    1.650629
SL:    1.701414
RR:    1.50

Score:      4.00 / 7.20
Confidence: 0.56

Passed: SMA, MACD, BODY
Failed: EMA, RSI, VOLUME

Regime: LIGHT_RANGE
Time:   2026-03-20 20:00:00+00:00
2026-03-21 00:12:44,074 - INFO - LYNUSDT LONG | TF 30m | Score 3.20/7.20 | RR 1.50
2026-03-21 00:12:44,074 - INFO - RIVERUSDT SHORT | TF 30m | Score 4.00/7.20 | RR 1.50
2026-03-21 00:12:44,074 - INFO - UAIUSDT LONG | TF 30m | Score 3.20/7.20 | RR 1.50
2026-03-21 00:12:44,074 - INFO - XAGUSDT LONG | TF 30m | Score 3.40/7.20 | RR 1.50
2026-03-21 00:12:44,074 - INFO - WAXPUSDT SHORT | TF 30m | Score 3.00/7.20 | RR 1.50
2026-03-21 00:12:44,074 - INFO - APTUSDT SHORT | TF 30m | Score 4.20/7.20 | RR 1.50
2026-03-21 00:12:44,074 - INFO - BANUSDT LONG | TF 30m | Score 3.20/7.20 | RR 1.50
2026-03-21 00:12:44,074 - INFO - KASUSDT LONG | TF 30m | Score 3.20/7.20 | RR 1.50
2026-03-21 00:12:44,074 - INFO - KITEUSDT LONG | TF 30m | Score 4.00/7.20 | RR 1.50
2026-03-21 00:12:44,074 - INFO - XPLUSDT LONG | TF 30m | Score 3.00/7.20 | RR 1.50
2026-03-21 00:12:44,074 - INFO - ATHUSDT SHORT | TF 30m | Score 4.40/7.20 | RR 1.50
2026-03-21 00:13:52,365 - INFO - [LIGHT] 📡 SIGNAL

Symbol:    LYNUSDT
Direction: LONG
Timeframe: 30m

Entry: 0.066740
TP:    0.073379
SL:    0.062314
RR:    1.50

Score:      3.20 / 7.20
Confidence: 0.44

Passed: MACD, BODY
Failed: EMA, SMA, RSI, VOLUME

Regime: LIGHT_RANGE
Time:   2026-03-20 20:30:00+00:00
2026-03-21 00:13:52,365 - INFO - [LIGHT] 📡 SIGNAL

Symbol:    RIVERUSDT
Direction: SHORT
Timeframe: 30m

Entry: 21.152000
TP:    19.880300
SL:    21.999800
RR:    1.50

Score:      4.00 / 7.20
Confidence: 0.56

Passed: SMA, MACD, BODY
Failed: EMA, RSI, VOLUME

Regime: LIGHT_RANGE
Time:   2026-03-20 20:30:00+00:00
2026-03-21 00:13:52,365 - INFO - [LIGHT] 📡 SIGNAL

Symbol:    UAIUSDT
Direction: LONG
Timeframe: 30m

Entry: 0.439330
TP:    0.492952
SL:    0.403582
RR:    1.50

Score:      3.20 / 7.20
Confidence: 0.44

Passed: MACD, BODY
Failed: EMA, SMA, RSI, VOLUME

Regime: LIGHT_RANGE
Time:   2026-03-20 20:30:00+00:00
2026-03-21 00:13:52,365 - INFO - [LIGHT] 📡 SIGNAL

Symbol:    XAGUSDT
Direction: LONG
Timeframe: 30m

Entry: 67.970000
TP:    69.692857
SL:    66.821429
RR:    1.50

Score:      3.40 / 7.20
Confidence: 0.47

Passed: RSI, VOLUME
Failed: EMA, SMA, MACD, BODY

Regime: LIGHT_RANGE
Time:   2026-03-20 20:30:00+00:00
2026-03-21 00:13:52,365 - INFO - [LIGHT] 📡 SIGNAL

Symbol:    WAXPUSDT
Direction: SHORT
Timeframe: 30m

Entry: 0.008492
TP:    0.007993
SL:    0.008825
RR:    1.50

Score:      3.00 / 7.20
Confidence: 0.42

Passed: RSI, BODY
Failed: EMA, SMA, MACD, VOLUME

Regime: LIGHT_RANGE
Time:   2026-03-20 20:30:00+00:00
2026-03-21 00:13:52,365 - INFO - [LIGHT] 📡 SIGNAL

Symbol:    APTUSDT
Direction: SHORT
Timeframe: 30m

Entry: 0.988400
TP:    0.963354
SL:    1.005097
RR:    1.50

Score:      4.20 / 7.20
Confidence: 0.58

Passed: EMA, MACD, BODY
Failed: SMA, RSI, VOLUME

Regime: LIGHT_RANGE
Time:   2026-03-20 20:30:00+00:00
2026-03-21 00:13:52,381 - INFO - [LIGHT] 📡 SIGNAL

Symbol:    BANUSDT
Direction: LONG
Timeframe: 30m

Entry: 0.053420
TP:    0.055891
SL:    0.051773
RR:    1.50

Score:      3.20 / 7.20
Confidence: 0.44

Passed: MACD, BODY
Failed: EMA, SMA, RSI, VOLUME

Regime: LIGHT_RANGE
Time:   2026-03-20 20:30:00+00:00
2026-03-21 00:13:52,381 - INFO - [LIGHT] 📡 SIGNAL

Symbol:    KASUSDT
Direction: LONG
Timeframe: 30m

Entry: 0.037250
TP:    0.039401
SL:    0.035816
RR:    1.50

Score:      3.20 / 7.20
Confidence: 0.44

Passed: MACD, BODY
Failed: EMA, SMA, RSI, VOLUME

Regime: LIGHT_RANGE
Time:   2026-03-20 20:30:00+00:00
2026-03-21 00:13:52,383 - INFO - [LIGHT] 📡 SIGNAL

Symbol:    KITEUSDT
Direction: LONG
Timeframe: 30m

Entry: 0.220840
TP:    0.226525
SL:    0.217050
RR:    1.50

Score:      4.00 / 7.20
Confidence: 0.56

Passed: SMA, MACD, BODY
Failed: EMA, RSI, VOLUME

Regime: LIGHT_RANGE
Time:   2026-03-20 20:30:00+00:00
2026-03-21 00:13:52,384 - INFO - [LIGHT] 📡 SIGNAL

Symbol:    XPLUSDT
Direction: LONG
Timeframe: 30m

Entry: 0.093530
TP:    0.096539
SL:    0.091524
RR:    1.50

Score:      3.00 / 7.20
Confidence: 0.42

Passed: RSI, BODY
Failed: EMA, SMA, MACD, VOLUME

Regime: LIGHT_RANGE
Time:   2026-03-20 20:30:00+00:00
2026-03-21 00:13:52,385 - INFO - [LIGHT] 📡 SIGNAL

Symbol:    ATHUSDT
Direction: SHORT
Timeframe: 30m

Entry: 0.007626
TP:    0.007324
SL:    0.007827
RR:    1.50

Score:      4.40 / 7.20
Confidence: 0.61

Passed: MACD, BODY, VOLUME
Failed: EMA, SMA, RSI

Regime: LIGHT_RANGE
Time:   2026-03-20 20:30:00+00:00
2026-03-21 00:28:18,481 - INFO - [LIGHT] 📡 SIGNAL

Symbol:    LYNUSDT
Direction: 🟢 LONG
Timeframe: 30m

💰 Entry: 0.066740
🎯 TP:    0.073379
🛑 SL:    0.062314
RR:    1.50

Score:      3.20 / 7.20
⭐ Confidence: 0.44 ⭐⭐⭐

Passed: MACD, BODY
Failed: EMA, SMA, RSI, VOLUME

🧠 Regime: LIGHT_RANGE
🕒 Time:   2026-03-20 20:30:00+00:00
Fingerprint: e38e8a5f15505698
2026-03-21 00:28:18,481 - INFO - [LIGHT] 📡 SIGNAL

Symbol:    RIVERUSDT
Direction: 🔻 SHORT
Timeframe: 30m

💰 Entry: 21.152000
🎯 TP:    19.880300
🛑 SL:    21.999800
RR:    1.50

Score:      4.00 / 7.20
⭐ Confidence: 0.56 ⭐⭐⭐

Passed: SMA, MACD, BODY
Failed: EMA, RSI, VOLUME

🧠 Regime: LIGHT_RANGE
🕒 Time:   2026-03-20 20:30:00+00:00
Fingerprint: 55568103354bd154
2026-03-21 00:28:18,481 - INFO - [LIGHT] 📡 SIGNAL

Symbol:    UAIUSDT
Direction: 🟢 LONG
Timeframe: 30m

💰 Entry: 0.439330
🎯 TP:    0.492952
🛑 SL:    0.403582
RR:    1.50

Score:      3.20 / 7.20
⭐ Confidence: 0.44 ⭐⭐⭐

Passed: MACD, BODY
Failed: EMA, SMA, RSI, VOLUME

🧠 Regime: LIGHT_RANGE
🕒 Time:   2026-03-20 20:30:00+00:00
Fingerprint: 1c7ab1c90ace6ab3
2026-03-21 00:28:18,481 - INFO - [LIGHT] 📡 SIGNAL

Symbol:    XAGUSDT
Direction: 🟢 LONG
Timeframe: 30m

💰 Entry: 67.970000
🎯 TP:    69.692857
🛑 SL:    66.821429
RR:    1.50

Score:      3.40 / 7.20
⭐ Confidence: 0.47 ⭐⭐⭐

Passed: RSI, VOLUME
Failed: EMA, SMA, MACD, BODY

🧠 Regime: LIGHT_RANGE
🕒 Time:   2026-03-20 20:30:00+00:00
Fingerprint: 8d58ddd87db4cefd
2026-03-21 00:28:18,481 - INFO - [LIGHT] 📡 SIGNAL

Symbol:    WAXPUSDT
Direction: 🔻 SHORT
Timeframe: 30m

💰 Entry: 0.008492
🎯 TP:    0.007993
🛑 SL:    0.008825
RR:    1.50

Score:      3.00 / 7.20
⭐ Confidence: 0.42 ⭐⭐⭐

Passed: RSI, BODY
Failed: EMA, SMA, MACD, VOLUME

🧠 Regime: LIGHT_RANGE
🕒 Time:   2026-03-20 20:30:00+00:00
Fingerprint: 4792714a9c79f064
2026-03-21 00:28:18,481 - INFO - [LIGHT] 📡 SIGNAL

Symbol:    APTUSDT
Direction: 🔻 SHORT
Timeframe: 30m

💰 Entry: 0.988400
🎯 TP:    0.963354
🛑 SL:    1.005097
RR:    1.50

Score:      4.20 / 7.20
⭐ Confidence: 0.58 ⭐⭐⭐

Passed: EMA, MACD, BODY
Failed: SMA, RSI, VOLUME

🧠 Regime: LIGHT_RANGE
🕒 Time:   2026-03-20 20:30:00+00:00
Fingerprint: b16949b7676c28ae
2026-03-21 00:28:18,481 - INFO - [LIGHT] 📡 SIGNAL

Symbol:    BANUSDT
Direction: 🟢 LONG
Timeframe: 30m

💰 Entry: 0.053420
🎯 TP:    0.055891
🛑 SL:    0.051773
RR:    1.50

Score:      3.20 / 7.20
⭐ Confidence: 0.44 ⭐⭐⭐

Passed: MACD, BODY
Failed: EMA, SMA, RSI, VOLUME

🧠 Regime: LIGHT_RANGE
🕒 Time:   2026-03-20 20:30:00+00:00
Fingerprint: 242d617f0884befc
2026-03-21 00:28:18,481 - INFO - [LIGHT] 📡 SIGNAL

Symbol:    KITEUSDT
Direction: 🟢 LONG
Timeframe: 30m

💰 Entry: 0.220840
🎯 TP:    0.226525
🛑 SL:    0.217050
RR:    1.50

Score:      4.00 / 7.20
⭐ Confidence: 0.56 ⭐⭐⭐

Passed: SMA, MACD, BODY
Failed: EMA, RSI, VOLUME

🧠 Regime: LIGHT_RANGE
🕒 Time:   2026-03-20 20:30:00+00:00
Fingerprint: d430e7cc73304062
2026-03-21 00:28:18,481 - INFO - [LIGHT] 📡 SIGNAL

Symbol:    XPLUSDT
Direction: 🟢 LONG
Timeframe: 30m

💰 Entry: 0.093530
🎯 TP:    0.096539
🛑 SL:    0.091524
RR:    1.50

Score:      3.00 / 7.20
⭐ Confidence: 0.42 ⭐⭐⭐

Passed: RSI, BODY
Failed: EMA, SMA, MACD, VOLUME

🧠 Regime: LIGHT_RANGE
🕒 Time:   2026-03-20 20:30:00+00:00
Fingerprint: 7ccf78d7cfb52ff1
2026-03-21 00:28:18,481 - INFO - [LIGHT] 📡 SIGNAL

Symbol:    ATHUSDT
Direction: 🔻 SHORT
Timeframe: 30m

💰 Entry: 0.007626
🎯 TP:    0.007324
🛑 SL:    0.007827
RR:    1.50

Score:      4.40 / 7.20
⭐ Confidence: 0.61 ⭐⭐⭐⭐

Passed: MACD, BODY, VOLUME
Failed: EMA, SMA, RSI

🧠 Regime: LIGHT_RANGE
🕒 Time:   2026-03-20 20:30:00+00:00
Fingerprint: 55ad819b3e2885a4
2026-03-21 00:31:25,304 - INFO - [LIGHT] 📡 SIGNAL

Symbol:    XAUTUSDT
Direction: 🟢 LONG
Timeframe: 30m

💰 Entry: 4505.900000
🎯 TP:    4565.107143
🛑 SL:    4466.428571
RR:    1.50

Score:      3.00 / 7.20
⭐ Confidence: 0.42 ⭐⭐⭐

Passed: RSI, BODY
Failed: EMA, SMA, MACD, VOLUME

🧠 Regime: LIGHT_RANGE
🕒 Time:   2026-03-20 21:00:00+00:00
Fingerprint: e3c5abd05d0ee791
2026-03-21 00:31:25,304 - INFO - [LIGHT] 📡 SIGNAL

Symbol:    LYNUSDT
Direction: 🟢 LONG
Timeframe: 30m

💰 Entry: 0.066290
🎯 TP:    0.072392
🛑 SL:    0.062222
RR:    1.50

Score:      3.20 / 7.20
⭐ Confidence: 0.44 ⭐⭐⭐

Passed: MACD, BODY
Failed: EMA, SMA, RSI, VOLUME

🧠 Regime: LIGHT_RANGE
🕒 Time:   2026-03-20 21:00:00+00:00
Fingerprint: 2492f17cffbe84f1
2026-03-21 00:31:25,304 - INFO - [LIGHT] 📡 SIGNAL

Symbol:    FARTCOINUSDT
Direction: 🔻 SHORT
Timeframe: 30m

💰 Entry: 0.196730
🎯 TP:    0.189288
🛑 SL:    0.201691
RR:    1.50

Score:      4.00 / 7.20
⭐ Confidence: 0.56 ⭐⭐⭐

Passed: SMA, BODY, VOLUME
Failed: EMA, RSI, MACD

🧠 Regime: LIGHT_RANGE
🕒 Time:   2026-03-20 21:00:00+00:00
Fingerprint: 6dfd06f9a6fecc04
2026-03-21 00:31:25,304 - INFO - [LIGHT] 📡 SIGNAL

Symbol:    ZECUSDT
Direction: 🟢 LONG
Timeframe: 30m

💰 Entry: 235.060000
🎯 TP:    241.118286
🛑 SL:    231.021143
RR:    1.50

Score:      4.40 / 7.20
⭐ Confidence: 0.61 ⭐⭐⭐⭐

Passed: MACD, BODY, VOLUME
Failed: EMA, SMA, RSI

🧠 Regime: LIGHT_RANGE
🕒 Time:   2026-03-20 21:00:00+00:00
Fingerprint: ab33998af8a11d7c
2026-03-21 00:31:25,304 - INFO - [LIGHT] 📡 SIGNAL

Symbol:    WAXPUSDT
Direction: 🔻 SHORT
Timeframe: 30m

💰 Entry: 0.008452
🎯 TP:    0.007977
🛑 SL:    0.008768
RR:    1.50

Score:      4.20 / 7.20
⭐ Confidence: 0.58 ⭐⭐⭐

Passed: RSI, MACD, BODY
Failed: EMA, SMA, VOLUME

🧠 Regime: LIGHT_RANGE
🕒 Time:   2026-03-20 21:00:00+00:00
Fingerprint: 76dedc113801ecdc
2026-03-21 00:31:25,304 - INFO - [LIGHT] 📡 SIGNAL

Symbol:    WLDUSDT
Direction: 🔻 SHORT
Timeframe: 30m

💰 Entry: 0.326300
🎯 TP:    0.314729
🛑 SL:    0.334014
RR:    1.50

Score:      3.20 / 7.20
⭐ Confidence: 0.44 ⭐⭐⭐

Passed: SMA, MACD
Failed: EMA, RSI, BODY, VOLUME

🧠 Regime: LIGHT_RANGE
🕒 Time:   2026-03-20 21:00:00+00:00
Fingerprint: b09973b9c460bf08
2026-03-21 00:31:25,304 - INFO - [LIGHT] 📡 SIGNAL

Symbol:    BANUSDT
Direction: 🟢 LONG
Timeframe: 30m

💰 Entry: 0.053600
🎯 TP:    0.055873
🛑 SL:    0.052085
RR:    1.50

Score:      3.20 / 7.20
⭐ Confidence: 0.44 ⭐⭐⭐

Passed: MACD, BODY
Failed: EMA, SMA, RSI, VOLUME

🧠 Regime: LIGHT_RANGE
🕒 Time:   2026-03-20 21:00:00+00:00
Fingerprint: d9033f4b999c0a6b
2026-03-21 00:31:25,304 - INFO - [LIGHT] 📡 SIGNAL

Symbol:    BARDUSDT
Direction: 🟢 LONG
Timeframe: 30m

💰 Entry: 0.550000
🎯 TP:    0.560131
🛑 SL:    0.543246
RR:    1.50

Score:      3.20 / 7.20
⭐ Confidence: 0.44 ⭐⭐⭐

Passed: MACD, BODY
Failed: EMA, SMA, RSI, VOLUME

🧠 Regime: LIGHT_RANGE
🕒 Time:   2026-03-20 21:00:00+00:00
Fingerprint: 549f30ac57ff719a
2026-03-21 00:31:25,304 - INFO - [LIGHT] 📡 SIGNAL

Symbol:    WIFUSDT
Direction: 🟢 LONG
Timeframe: 30m

💰 Entry: 0.179340
🎯 TP:    0.183429
🛑 SL:    0.176614
RR:    1.50

Score:      3.80 / 7.20
⭐ Confidence: 0.53 ⭐⭐⭐

Passed: EMA, SMA, BODY
Failed: RSI, MACD, VOLUME

🧠 Regime: LIGHT_RANGE
🕒 Time:   2026-03-20 21:00:00+00:00
Fingerprint: e5cbe1e35628fc6d
2026-03-21 00:31:25,313 - INFO - [LIGHT] 📡 SIGNAL

Symbol:    ATHUSDT
Direction: 🔻 SHORT
Timeframe: 30m

💰 Entry: 0.007654
🎯 TP:    0.007358
🛑 SL:    0.007851
RR:    1.50

Score:      3.20 / 7.20
⭐ Confidence: 0.44 ⭐⭐⭐

Passed: MACD, BODY
Failed: EMA, SMA, RSI, VOLUME

🧠 Regime: LIGHT_RANGE
🕒 Time:   2026-03-20 21:00:00+00:00
Fingerprint: 9d88f10442f23c64
2026-03-21 00:31:25,314 - INFO - [LIGHT] 📡 SIGNAL

Symbol:    ZETAUSDT
Direction: 🔻 SHORT
Timeframe: 30m

💰 Entry: 0.056670
🎯 TP:    0.055017
🛑 SL:    0.057772
RR:    1.50

Score:      3.20 / 7.20
⭐ Confidence: 0.44 ⭐⭐⭐

Passed: MACD, BODY
Failed: EMA, SMA, RSI, VOLUME

🧠 Regime: LIGHT_RANGE
🕒 Time:   2026-03-20 21:00:00+00:00
Fingerprint: efb1984299d2408b
2026-03-21 00:34:35,243 - INFO - [LIGHT] 📡 SIGNAL

Symbol:    SOLUSDT
Direction: 🟢 LONG
Timeframe: 30m

💰 Entry: 89.760000
🎯 TP:    90.892714
🛑 SL:    89.004857
RR:    1.50

Score:      4.20 / 7.20
⭐ Confidence: 0.58 ⭐⭐⭐

Passed: EMA, MACD, BODY
Failed: SMA, RSI, VOLUME

🧠 Regime: LIGHT_RANGE
🕒 Time:   2026-03-20 21:00:00+00:00
Fingerprint: 60340ae9660fdf94
2026-03-21 00:34:35,251 - INFO - [LIGHT] 📡 SIGNAL

Symbol:    KASUSDT
Direction: 🟢 LONG
Timeframe: 30m

💰 Entry: 0.038160
🎯 TP:    0.040344
🛑 SL:    0.036704
RR:    1.50

Score:      4.20 / 7.20
⭐ Confidence: 0.58 ⭐⭐⭐

Passed: EMA, MACD, BODY
Failed: SMA, RSI, VOLUME

🧠 Regime: LIGHT_RANGE
🕒 Time:   2026-03-20 21:00:00+00:00
Fingerprint: e634810c6404f26b
2026-03-21 00:37:42,571 - INFO - [LIGHT] 📡 SIGNAL

Symbol:    PIPPINUSDT
Direction: 🔻 SHORT
Timeframe: 30m

💰 Entry: 0.099410
🎯 TP:    0.090710
🛑 SL:    0.105210
RR:    1.50

Score:      3.20 / 7.20
⭐ Confidence: 0.44 ⭐⭐⭐

Passed: MACD, BODY
Failed: EMA, SMA, RSI, VOLUME

🧠 Regime: LIGHT_RANGE
🕒 Time:   2026-03-20 21:00:00+00:00
Fingerprint: a7dfc6de36c8f4ee
2026-03-21 00:40:49,939 - INFO - [LIGHT] 📡 SIGNAL

Symbol:    DOTUSDT
Direction: 🔻 SHORT
Timeframe: 30m

💰 Entry: 1.514800
🎯 TP:    1.493367
🛑 SL:    1.529089
RR:    1.50

Score:      4.00 / 7.20
⭐ Confidence: 0.56 ⭐⭐⭐

Passed: SMA, BODY, VOLUME
Failed: EMA, RSI, MACD

🧠 Regime: LIGHT_RANGE
🕒 Time:   2026-03-20 21:00:00+00:00
Fingerprint: ab8eb2c3eca26fde
2026-03-21 00:47:13,184 - INFO - [LIGHT] 📡 SIGNAL

Symbol:    HYPEUSDT
Direction: 🟢 LONG
Timeframe: 30m

💰 Entry: 39.461000
🎯 TP:    40.420657
🛑 SL:    38.821229
RR:    1.50

Score:      3.20 / 7.20
⭐ Confidence: 0.44 ⭐⭐⭐

Passed: MACD, BODY
Failed: EMA, SMA, RSI, VOLUME

🧠 Regime: LIGHT_RANGE
🕒 Time:   2026-03-20 21:00:00+00:00
Fingerprint: 2fe1995f7fbb1d7c
2026-03-21 17:29:28,314 - INFO - [LIGHT] 📡 SIGNAL

Symbol:    HYPEUSDT
Direction: 🟢 LONG
Timeframe: 30m

💰 Entry: 39.941000
🎯 TP:    40.320680
🛑 SL:    39.669800
RR:    1.40

Score:      4.00 / 7.20
⭐ Confidence: 0.56 ⭐⭐⭐

Passed: SMA, MACD, BODY
Failed: EMA, RSI, VOLUME

🧠 Regime: LIGHT_RANGE
🕒 Time:   2026-03-21 13:30:00+00:00
Fingerprint: 40f429648e00c89f
2026-03-21 17:29:28,328 - INFO - [LIGHT] 📡 SIGNAL

Symbol:    PIPPINUSDT
Direction: 🟢 LONG
Timeframe: 30m

💰 Entry: 0.103930
🎯 TP:    0.111801
🛑 SL:    0.098308
RR:    1.40

Score:      4.20 / 7.20
⭐ Confidence: 0.58 ⭐⭐⭐

Passed: EMA, MACD, BODY
Failed: SMA, RSI, VOLUME

🧠 Regime: LIGHT_RANGE
🕒 Time:   2026-03-21 13:30:00+00:00
Fingerprint: 8ea710299a08cb30
2026-03-21 17:29:28,330 - INFO - [LIGHT] 📡 SIGNAL

Symbol:    LYNUSDT
Direction: 🟢 LONG
Timeframe: 30m

💰 Entry: 0.062290
🎯 TP:    0.065531
🛑 SL:    0.059975
RR:    1.40

Score:      3.20 / 7.20
⭐ Confidence: 0.44 ⭐⭐⭐

Passed: MACD, BODY
Failed: EMA, SMA, RSI, VOLUME

🧠 Regime: LIGHT_RANGE
🕒 Time:   2026-03-21 13:30:00+00:00
Fingerprint: 60996a2d4ff90cb3
2026-03-21 17:29:28,332 - INFO - [LIGHT] 📡 SIGNAL

Symbol:    WAXPUSDT
Direction: 🟢 LONG
Timeframe: 30m

💰 Entry: 0.007443
🎯 TP:    0.007584
🛑 SL:    0.007343
RR:    1.40

Score:      3.20 / 7.20
⭐ Confidence: 0.44 ⭐⭐⭐

Passed: MACD, BODY
Failed: EMA, SMA, RSI, VOLUME

🧠 Regime: LIGHT_RANGE
🕒 Time:   2026-03-21 13:30:00+00:00
Fingerprint: 7439812ccf33df14
2026-03-21 17:29:28,336 - INFO - [LIGHT] 📡 SIGNAL

Symbol:    ATHUSDT
Direction: 🟢 LONG
Timeframe: 30m

💰 Entry: 0.008086
🎯 TP:    0.008391
🛑 SL:    0.007868
RR:    1.40

Score:      4.00 / 7.20
⭐ Confidence: 0.56 ⭐⭐⭐

Passed: SMA, MACD, BODY
Failed: EMA, RSI, VOLUME

🧠 Regime: LIGHT_RANGE
🕒 Time:   2026-03-21 13:30:00+00:00
Fingerprint: 46c37c8b5371c709
2026-03-21 17:32:33,329 - INFO - [LIGHT] 📡 SIGNAL

Symbol:    BTCUSDT
Direction: 🟢 LONG
Timeframe: 30m

💰 Entry: 70890.900000
🎯 TP:    71179.201714
🛑 SL:    70710.711429
RR:    1.60

Score:      5.20 / 7.20
⭐ Confidence: 0.72 ⭐⭐⭐⭐

Passed: SMA, MACD, BODY, VOLUME
Failed: EMA, RSI

🧠 Regime: LIGHT_RANGE
🕒 Time:   2026-03-21 14:00:00+00:00
Fingerprint: eeede833de8db3fb
2026-03-21 17:32:33,347 - INFO - [LIGHT] 📡 SIGNAL

Symbol:    RIVERUSDT
Direction: 🔻 SHORT
Timeframe: 30m

💰 Entry: 25.381000
🎯 TP:    24.052000
🛑 SL:    26.330286
RR:    1.40

Score:      3.20 / 7.20
⭐ Confidence: 0.44 ⭐⭐⭐

Passed: MACD, BODY
Failed: EMA, SMA, RSI, VOLUME

🧠 Regime: LIGHT_RANGE
🕒 Time:   2026-03-21 14:00:00+00:00
Fingerprint: b80d5f08094aa20e
2026-03-21 17:32:33,349 - INFO - [LIGHT] 📡 SIGNAL

Symbol:    ANKRUSDT
Direction: 🟢 LONG
Timeframe: 30m

💰 Entry: 0.005656
🎯 TP:    0.005837
🛑 SL:    0.005526
RR:    1.40

Score:      4.00 / 7.20
⭐ Confidence: 0.56 ⭐⭐⭐

Passed: SMA, BODY, VOLUME
Failed: EMA, RSI, MACD

🧠 Regime: LIGHT_RANGE
🕒 Time:   2026-03-21 14:00:00+00:00
Fingerprint: 480dd77f5de9bfde
2026-03-21 17:32:33,353 - INFO - [LIGHT] 📡 SIGNAL

Symbol:    KASUSDT
Direction: 🟢 LONG
Timeframe: 30m

💰 Entry: 0.036910
🎯 TP:    0.037444
🛑 SL:    0.036529
RR:    1.40

Score:      3.60 / 7.20
⭐ Confidence: 0.50 ⭐⭐⭐

Passed: MACD, VOLUME
Failed: EMA, SMA, RSI, BODY

🧠 Regime: LIGHT_RANGE
🕒 Time:   2026-03-21 14:00:00+00:00
Fingerprint: 3756fde73a7c9233
2026-03-21 17:32:33,353 - INFO - [LIGHT] 📡 SIGNAL

Symbol:    NEARUSDT
Direction: 🟢 LONG
Timeframe: 30m

💰 Entry: 1.316700
🎯 TP:    1.326053
🛑 SL:    1.310854
RR:    1.60

Score:      4.40 / 7.20
⭐ Confidence: 0.61 ⭐⭐⭐⭐

Passed: MACD, BODY, VOLUME
Failed: EMA, SMA, RSI

🧠 Regime: LIGHT_RANGE
🕒 Time:   2026-03-21 14:00:00+00:00
Fingerprint: 0a1564d21a5012d4
2026-03-21 17:32:33,353 - INFO - [LIGHT] 📡 SIGNAL

Symbol:    ENAUSDT
Direction: 🔻 SHORT
Timeframe: 30m

💰 Entry: 0.101330
🎯 TP:    0.100641
🛑 SL:    0.101822
RR:    1.40

Score:      4.00 / 7.20
⭐ Confidence: 0.56 ⭐⭐⭐

Passed: SMA, BODY, VOLUME
Failed: EMA, RSI, MACD

🧠 Regime: LIGHT_RANGE
🕒 Time:   2026-03-21 14:00:00+00:00
Fingerprint: 62aeb7a7901c4575
2026-03-21 17:32:33,353 - INFO - [LIGHT] 📡 SIGNAL

Symbol:    BEATUSDT
Direction: 🔻 SHORT
Timeframe: 30m

💰 Entry: 0.615240
🎯 TP:    0.585230
🛑 SL:    0.636675
RR:    1.40

Score:      4.20 / 7.20
⭐ Confidence: 0.58 ⭐⭐⭐

Passed: EMA, MACD, BODY
Failed: SMA, RSI, VOLUME

🧠 Regime: LIGHT_RANGE
🕒 Time:   2026-03-21 14:00:00+00:00
Fingerprint: c8537984f4a4737d
2026-03-21 17:38:46,965 - INFO - [LIGHT] 📡 SIGNAL

Symbol:    ETHUSDT
Direction: 🟢 LONG
Timeframe: 30m

💰 Entry: 2160.990000
🎯 TP:    2169.926400
🛑 SL:    2154.606857
RR:    1.40

Score:      4.00 / 7.20
⭐ Confidence: 0.56 ⭐⭐⭐

Passed: SMA, BODY, VOLUME
Failed: EMA, RSI, MACD

🧠 Regime: LIGHT_RANGE
🕒 Time:   2026-03-21 14:00:00+00:00
Fingerprint: 36908c9d6caacfd1
2026-03-21 18:00:23,638 - INFO - [REVERSAL] [LIGHT] 📡 SIGNAL

Symbol:    ETHUSDT
Direction: 🔻 SHORT
Timeframe: 30m

💰 Entry: 2150.900000
🎯 TP:    2139.489714
🛑 SL:    2158.031429
RR:    1.60

Score:      4.40 / 7.20
⭐ Confidence: 0.61 ⭐⭐⭐⭐

Passed: MACD, BODY, VOLUME
Failed: EMA, SMA, RSI

🧠 Regime: LIGHT_RANGE
🕒 Time:   2026-03-21 14:30:00+00:00
Fingerprint: b7cdde6485309f8a
2026-03-21 18:00:23,641 - INFO - [LIGHT] 📡 SIGNAL

Symbol:    XAUTUSDT
Direction: 🔻 SHORT
Timeframe: 30m

💰 Entry: 4492.700000
🎯 TP:    4488.116000
🛑 SL:    4495.974286
RR:    1.40

Score:      3.20 / 7.20
⭐ Confidence: 0.44 ⭐⭐⭐

Passed: SMA, VOLUME
Failed: EMA, RSI, MACD, BODY

🧠 Regime: LIGHT_RANGE
🕒 Time:   2026-03-21 14:30:00+00:00
Fingerprint: 3be6c8ece77e2a6a
2026-03-21 18:00:23,644 - INFO - [LIGHT] 📡 SIGNAL

Symbol:    UAIUSDT
Direction: 🔻 SHORT
Timeframe: 30m

💰 Entry: 0.326410
🎯 TP:    0.229735
🛑 SL:    0.374748
RR:    2.00

Score:      6.20 / 7.20
⭐ Confidence: 0.86 ⭐⭐⭐⭐⭐

Passed: EMA, SMA, MACD, BODY, VOLUME
Failed: RSI

🧠 Regime: LIGHT_RANGE
🕒 Time:   2026-03-21 14:30:00+00:00
Fingerprint: 0b13b61e2f5e2770
2026-03-21 18:00:23,646 - INFO - [LIGHT] 📡 SIGNAL

Symbol:    WLDUSDT
Direction: 🔻 SHORT
Timeframe: 30m

💰 Entry: 0.313700
🎯 TP:    0.309896
🛑 SL:    0.316417
RR:    1.40

Score:      3.20 / 7.20
⭐ Confidence: 0.44 ⭐⭐⭐

Passed: SMA, VOLUME
Failed: EMA, RSI, MACD, BODY

🧠 Regime: LIGHT_RANGE
🕒 Time:   2026-03-21 14:30:00+00:00
Fingerprint: cc82802c1ea83178
2026-03-21 18:00:23,649 - INFO - [UPDATE] [LIGHT] 📡 SIGNAL

Symbol:    ATHUSDT
Direction: 🟢 LONG
Timeframe: 30m

💰 Entry: 0.008139
🎯 TP:    0.008480
🛑 SL:    0.007926
RR:    1.60

Score:      5.20 / 7.20
⭐ Confidence: 0.72 ⭐⭐⭐⭐

Passed: SMA, MACD, BODY, VOLUME
Failed: EMA, RSI

🧠 Regime: LIGHT_RANGE
🕒 Time:   2026-03-21 14:30:00+00:00
Fingerprint: 90b2c72086cb7e0f
2026-03-21 18:03:28,975 - INFO - [LIGHT] 📡 SIGNAL

Symbol:    TAOUSDT
Direction: 🟢 LONG
Timeframe: 30m

💰 Entry: 276.910000
🎯 TP:    282.476629
🛑 SL:    273.430857
RR:    1.60

Score:      4.40 / 7.20
⭐ Confidence: 0.61 ⭐⭐⭐⭐

Passed: MACD, BODY, VOLUME
Failed: EMA, SMA, RSI

🧠 Regime: LIGHT_RANGE
🕒 Time:   2026-03-21 14:30:00+00:00
Fingerprint: a4ec441b5d9e03fe
2026-03-21 18:09:38,776 - INFO - [LIGHT] 📡 SIGNAL

Symbol:    SOLUSDT
Direction: 🔻 SHORT
Timeframe: 30m

💰 Entry: 89.600000
🎯 TP:    89.025371
🛑 SL:    89.959143
RR:    1.60

Score:      5.40 / 7.20
⭐ Confidence: 0.75 ⭐⭐⭐⭐

Passed: EMA, MACD, BODY, VOLUME
Failed: SMA, RSI

🧠 Regime: LIGHT_RANGE
🕒 Time:   2026-03-21 14:30:00+00:00
Fingerprint: 39f189a375d22cb0
2026-03-21 18:09:38,780 - INFO - [LIGHT] 📡 SIGNAL

Symbol:    ZECUSDT
Direction: 🔻 SHORT
Timeframe: 30m

💰 Entry: 232.810000
🎯 TP:    229.463714
🛑 SL:    234.901429
RR:    1.60

Score:      5.00 / 7.20
⭐ Confidence: 0.69 ⭐⭐⭐⭐

Passed: EMA, SMA, BODY, VOLUME
Failed: RSI, MACD

🧠 Regime: LIGHT_RANGE
🕒 Time:   2026-03-21 14:30:00+00:00
Fingerprint: 942fa8a8e7a57d01
2026-03-21 18:09:38,780 - INFO - [LIGHT] 📡 SIGNAL

Symbol:    RDNTUSDT
Direction: 🔻 SHORT
Timeframe: 30m

💰 Entry: 0.005356
🎯 TP:    0.004929
🛑 SL:    0.005661
RR:    1.40

Score:      4.20 / 7.20
⭐ Confidence: 0.58 ⭐⭐⭐

Passed: RSI, BODY, VOLUME
Failed: EMA, SMA, MACD

🧠 Regime: LIGHT_RANGE
🕒 Time:   2026-03-21 14:30:00+00:00
Fingerprint: 9e0986788f8cb2d8
2026-03-21 18:18:57,140 - INFO - [LIGHT] 📡 SIGNAL

Symbol:    FARTCOINUSDT
Direction: 🟢 LONG
Timeframe: 30m

💰 Entry: 0.197160
🎯 TP:    0.201044
🛑 SL:    0.194385
RR:    1.40

Score:      4.00 / 7.20
⭐ Confidence: 0.56 ⭐⭐⭐

Passed: SMA, BODY, VOLUME
Failed: EMA, RSI, MACD

🧠 Regime: LIGHT_RANGE
🕒 Time:   2026-03-21 14:30:00+00:00
Fingerprint: 0b69a972ff64ded3
2026-03-21 18:25:09,147 - INFO - [LIGHT] 📡 SIGNAL

Symbol:    ADAUSDT
Direction: 🔻 SHORT
Timeframe: 30m

💰 Entry: 0.263000
🎯 TP:    0.261190
🛑 SL:    0.264131
RR:    1.60

Score:      5.20 / 7.20
⭐ Confidence: 0.72 ⭐⭐⭐⭐

Passed: SMA, MACD, BODY, VOLUME
Failed: EMA, RSI

🧠 Regime: LIGHT_RANGE
🕒 Time:   2026-03-21 14:30:00+00:00
Fingerprint: 28dfb48bb4177b47
2026-03-21 18:31:20,012 - INFO - [REVERSAL] [LIGHT] 📡 SIGNAL

Symbol:    LYNUSDT
Direction: 🔻 SHORT
Timeframe: 30m

💰 Entry: 0.059870
🎯 TP:    0.056312
🛑 SL:    0.062411
RR:    1.40

Score:      4.00 / 7.20
⭐ Confidence: 0.56 ⭐⭐⭐

Passed: SMA, BODY, VOLUME
Failed: EMA, RSI, MACD

🧠 Regime: LIGHT_RANGE
🕒 Time:   2026-03-21 15:00:00+00:00
Fingerprint: 8177c5526c3bc643
2026-03-21 18:31:20,014 - INFO - [REVERSAL] [LIGHT] 📡 SIGNAL

Symbol:    WLDUSDT
Direction: 🟢 LONG
Timeframe: 30m

💰 Entry: 0.314600
🎯 TP:    0.318488
🛑 SL:    0.311823
RR:    1.40

Score:      3.20 / 7.20
⭐ Confidence: 0.44 ⭐⭐⭐

Passed: MACD, BODY
Failed: EMA, SMA, RSI, VOLUME

🧠 Regime: LIGHT_RANGE
🕒 Time:   2026-03-21 15:00:00+00:00
Fingerprint: 94bf784d9c0ab0be
2026-03-21 18:31:20,017 - INFO - [REVERSAL] [LIGHT] 📡 SIGNAL

Symbol:    RDNTUSDT
Direction: 🟢 LONG
Timeframe: 30m

💰 Entry: 0.005999
🎯 TP:    0.006536
🛑 SL:    0.005664
RR:    1.60

Score:      5.20 / 7.20
⭐ Confidence: 0.72 ⭐⭐⭐⭐

Passed: SMA, MACD, BODY, VOLUME
Failed: EMA, RSI

🧠 Regime: LIGHT_RANGE
🕒 Time:   2026-03-21 15:00:00+00:00
Fingerprint: bf42519a70c7682d
2026-03-21 18:31:20,019 - INFO - [LIGHT] 📡 SIGNAL

Symbol:    PAXGUSDT
Direction: 🟢 LONG
Timeframe: 30m

💰 Entry: 4506.800000
🎯 TP:    4512.380000
🛑 SL:    4502.814286
RR:    1.40

Score:      3.60 / 7.20
⭐ Confidence: 0.50 ⭐⭐⭐

Passed: MACD, VOLUME
Failed: EMA, SMA, RSI, BODY

🧠 Regime: LIGHT_RANGE
🕒 Time:   2026-03-21 15:00:00+00:00
Fingerprint: dc7016690c45413e
2026-03-21 18:34:28,019 - INFO - [REVERSAL] [LIGHT] 📡 SIGNAL

Symbol:    FARTCOINUSDT
Direction: 🔻 SHORT
Timeframe: 30m

💰 Entry: 0.196710
🎯 TP:    0.192696
🛑 SL:    0.199577
RR:    1.40

Score:      3.60 / 7.20
⭐ Confidence: 0.50 ⭐⭐⭐

Passed: MACD, VOLUME
Failed: EMA, SMA, RSI, BODY

🧠 Regime: LIGHT_RANGE
🕒 Time:   2026-03-21 15:00:00+00:00
Fingerprint: 816e477de4c2dc9b
2026-03-21 19:20:48,964 - INFO - [UPDATE] [LIGHT] 📡 SIGNAL

Symbol:    NEARUSDT
Direction: 🟢 LONG
Timeframe: 30m

💰 Entry: 1.329400
🎯 TP:    1.339946
🛑 SL:    1.322809
RR:    1.60

Score:      5.40 / 7.20
⭐ Confidence: 0.75 ⭐⭐⭐⭐

Passed: EMA, MACD, BODY, VOLUME
Failed: SMA, RSI

🧠 Regime: LIGHT_RANGE
🕒 Time:   2026-03-21 15:30:00+00:00
Fingerprint: 535fdc80c80f7b28
2026-03-21 19:30:04,309 - INFO - [LIGHT] 📡 SIGNAL

Symbol:    SAHARAUSDT
Direction: 🟢 LONG
Timeframe: 30m

💰 Entry: 0.027723
🎯 TP:    0.028223
🛑 SL:    0.027366
RR:    1.40

Score:      3.20 / 7.20
⭐ Confidence: 0.44 ⭐⭐⭐

Passed: MACD, BODY
Failed: EMA, SMA, RSI, VOLUME

🧠 Regime: LIGHT_RANGE
🕒 Time:   2026-03-21 16:00:00+00:00
Fingerprint: 4a96bd0977566209
2026-03-21 19:30:04,311 - INFO - [REVERSAL] [LIGHT] 📡 SIGNAL

Symbol:    ANKRUSDT
Direction: 🔻 SHORT
Timeframe: 30m

💰 Entry: 0.005537
🎯 TP:    0.005353
🛑 SL:    0.005669
RR:    1.40

Score:      3.20 / 7.20
⭐ Confidence: 0.44 ⭐⭐⭐

Passed: MACD, BODY
Failed: EMA, SMA, RSI, VOLUME

🧠 Regime: LIGHT_RANGE
🕒 Time:   2026-03-21 16:00:00+00:00
Fingerprint: 3bac97ae027203b8
2026-03-21 19:30:04,313 - INFO - [LIGHT] 📡 SIGNAL

Symbol:    ETHFIUSDT
Direction: 🔻 SHORT
Timeframe: 30m

💰 Entry: 0.583700
🎯 TP:    0.572228
🛑 SL:    0.591894
RR:    1.40

Score:      3.20 / 7.20
⭐ Confidence: 0.44 ⭐⭐⭐

Passed: MACD, BODY
Failed: EMA, SMA, RSI, VOLUME

🧠 Regime: LIGHT_RANGE
🕒 Time:   2026-03-21 16:00:00+00:00
Fingerprint: 983c0f00f51f0cbc
2026-03-21 19:39:20,817 - INFO - [REVERSAL] [LIGHT] 📡 SIGNAL

Symbol:    KASUSDT
Direction: 🔻 SHORT
Timeframe: 30m

💰 Entry: 0.036960
🎯 TP:    0.036325
🛑 SL:    0.037357
RR:    1.60

Score:      5.00 / 7.20
⭐ Confidence: 0.69 ⭐⭐⭐⭐

Passed: EMA, SMA, BODY, VOLUME
Failed: RSI, MACD

🧠 Regime: LIGHT_RANGE
🕒 Time:   2026-03-21 16:00:00+00:00
Fingerprint: 309e966e953de19a
2026-03-21 19:54:54,830 - INFO - [REVERSAL] [LIGHT] 📡 SIGNAL

Symbol:    TAOUSDT
Direction: 🔻 SHORT
Timeframe: 30m

💰 Entry: 273.420000
🎯 TP:    267.884400
🛑 SL:    277.374000
RR:    1.40

Score:      4.00 / 7.20
⭐ Confidence: 0.56 ⭐⭐⭐

Passed: SMA, BODY, VOLUME
Failed: EMA, RSI, MACD

🧠 Regime: LIGHT_RANGE
🕒 Time:   2026-03-21 16:00:00+00:00
Fingerprint: 3289fc18ec55eebc
2026-03-21 20:01:09,152 - INFO - [UPDATE] [LIGHT] 📡 SIGNAL

Symbol:    LYNUSDT
Direction: 🔻 SHORT
Timeframe: 30m

💰 Entry: 0.058320
🎯 TP:    0.054052
🛑 SL:    0.060987
RR:    1.60

Score:      5.20 / 7.20
⭐ Confidence: 0.72 ⭐⭐⭐⭐

Passed: SMA, MACD, BODY, VOLUME
Failed: EMA, RSI

🧠 Regime: LIGHT_RANGE
🕒 Time:   2026-03-21 16:30:00+00:00
Fingerprint: f4859813da939d9e
2026-03-21 20:01:09,153 - INFO - [LIGHT] 📡 SIGNAL

Symbol:    XAGUSDT
Direction: 🔻 SHORT
Timeframe: 30m

💰 Entry: 68.030000
🎯 TP:    67.936400
🛑 SL:    68.096857
RR:    1.40

Score:      3.20 / 7.20
⭐ Confidence: 0.44 ⭐⭐⭐

Passed: SMA, VOLUME
Failed: EMA, RSI, MACD, BODY

🧠 Regime: LIGHT_RANGE
🕒 Time:   2026-03-21 16:30:00+00:00
Fingerprint: a1ae1653162f9b36
2026-03-21 20:32:06,078 - INFO - [REVERSAL] [LIGHT] 📡 SIGNAL

Symbol:    RIVERUSDT
Direction: 🟢 LONG
Timeframe: 30m

💰 Entry: 25.559000
🎯 TP:    26.771240
🛑 SL:    24.693114
RR:    1.40

Score:      4.00 / 7.20
⭐ Confidence: 0.56 ⭐⭐⭐

Passed: SMA, BODY, VOLUME
Failed: EMA, RSI, MACD

🧠 Regime: LIGHT_RANGE
🕒 Time:   2026-03-21 17:00:00+00:00
Fingerprint: c598adf5883d2b15
2026-03-21 20:32:06,080 - INFO - [LIGHT] 📡 SIGNAL

Symbol:    PIPPINUSDT
Direction: 🔻 SHORT
Timeframe: 30m

💰 Entry: 0.098340
🎯 TP:    0.091895
🛑 SL:    0.102944
RR:    1.40

Score:      4.00 / 7.20
⭐ Confidence: 0.56 ⭐⭐⭐

Passed: SMA, MACD, BODY
Failed: EMA, RSI, VOLUME

🧠 Regime: LIGHT_RANGE
🕒 Time:   2026-03-21 17:00:00+00:00
Fingerprint: 7a96e091b66465e7
2026-03-21 20:35:12,268 - INFO - [LIGHT] 📡 SIGNAL

Symbol:    HYPEUSDT
Direction: 🟢 LONG
Timeframe: 30m

💰 Entry: 39.998000
🎯 TP:    40.464560
🛑 SL:    39.664743
RR:    1.40

Score:      3.20 / 7.20
⭐ Confidence: 0.44 ⭐⭐⭐

Passed: SMA, MACD
Failed: EMA, RSI, BODY, VOLUME

🧠 Regime: LIGHT_RANGE
🕒 Time:   2026-03-21 17:00:00+00:00
Fingerprint: 15f70190e427eaf7
2026-03-21 21:02:57,005 - INFO - [UPDATE] [LIGHT] 📡 SIGNAL

Symbol:    PIPPINUSDT
Direction: 🔻 SHORT
Timeframe: 30m

💰 Entry: 0.097420
🎯 TP:    0.090097
🛑 SL:    0.101997
RR:    1.60

Score:      5.00 / 7.20
⭐ Confidence: 0.69 ⭐⭐⭐⭐

Passed: EMA, SMA, MACD, BODY
Failed: RSI, VOLUME

🧠 Regime: LIGHT_RANGE
🕒 Time:   2026-03-21 17:30:00+00:00
Fingerprint: 893e995a7f9fd771
2026-03-21 21:02:57,008 - INFO - [LIGHT] 📡 SIGNAL

Symbol:    BEATUSDT
Direction: 🟢 LONG
Timeframe: 30m

💰 Entry: 0.621430
🎯 TP:    0.645663
🛑 SL:    0.604121
RR:    1.40

Score:      4.00 / 7.20
⭐ Confidence: 0.56 ⭐⭐⭐

Passed: SMA, BODY, VOLUME
Failed: EMA, RSI, MACD

🧠 Regime: LIGHT_RANGE
🕒 Time:   2026-03-21 17:30:00+00:00
Fingerprint: e837863d4a258d7e
2026-03-21 21:21:29,366 - INFO - [LIGHT] 📡 SIGNAL

Symbol:    SIRENUSDT
Direction: 🟢 LONG
Timeframe: 30m

💰 Entry: 0.939800
🎯 TP:    1.000006
🛑 SL:    0.896795
RR:    1.40

Score:      3.20 / 7.20
⭐ Confidence: 0.44 ⭐⭐⭐

Passed: SMA, MACD
Failed: EMA, RSI, BODY, VOLUME

🧠 Regime: LIGHT_RANGE
🕒 Time:   2026-03-21 17:30:00+00:00
Fingerprint: fdf1b5befe833c16
2026-03-21 21:30:45,883 - INFO - [UPDATE] [LIGHT] 📡 SIGNAL

Symbol:    SIRENUSDT
Direction: 🟢 LONG
Timeframe: 30m

💰 Entry: 0.961980
🎯 TP:    1.034911
🛑 SL:    0.916398
RR:    1.60

Score:      5.20 / 7.20
⭐ Confidence: 0.72 ⭐⭐⭐⭐

Passed: SMA, MACD, BODY, VOLUME
Failed: EMA, RSI

🧠 Regime: LIGHT_RANGE
🕒 Time:   2026-03-21 18:00:00+00:00
Fingerprint: 99ebe0963df9bf83
2026-03-21 22:01:54,221 - INFO - [UPDATE] [LIGHT] 📡 SIGNAL

Symbol:    WLDUSDT
Direction: 🟢 LONG
Timeframe: 30m

💰 Entry: 0.320100
🎯 TP:    0.324653
🛑 SL:    0.317254
RR:    1.60

Score:      4.60 / 7.20
⭐ Confidence: 0.64 ⭐⭐⭐⭐

Passed: EMA, MACD, VOLUME
Failed: SMA, RSI, BODY

🧠 Regime: LIGHT_RANGE
🕒 Time:   2026-03-21 18:30:00+00:00
Fingerprint: 82bed0d1b92e8dd3
2026-03-21 22:01:54,223 - INFO - [UPDATE] [LIGHT] 📡 SIGNAL

Symbol:    BEATUSDT
Direction: 🟢 LONG
Timeframe: 30m

💰 Entry: 0.641960
🎯 TP:    0.668900
🛑 SL:    0.625122
RR:    1.60

Score:      5.20 / 7.20
⭐ Confidence: 0.72 ⭐⭐⭐⭐

Passed: SMA, MACD, BODY, VOLUME
Failed: EMA, RSI

🧠 Regime: LIGHT_RANGE
🕒 Time:   2026-03-21 18:30:00+00:00
Fingerprint: 2603a192c962c59d
2026-03-21 22:04:59,906 - INFO - [LIGHT] 📡 SIGNAL

Symbol:    RDNTUSDT
Direction: 🔻 SHORT
Timeframe: 30m

💰 Entry: 0.006233
🎯 TP:    0.005584
🛑 SL:    0.006697
RR:    1.40

Score:      3.00 / 7.20
⭐ Confidence: 0.42 ⭐⭐⭐

Passed: RSI, BODY
Failed: EMA, SMA, MACD, VOLUME

🧠 Regime: LIGHT_RANGE
🕒 Time:   2026-03-21 18:30:00+00:00
Fingerprint: 79fd659164657d16
2026-03-21 22:32:50,056 - INFO - [LIGHT] 📡 SIGNAL

Symbol:    FARTCOINUSDT
Direction: 🟢 LONG
Timeframe: 30m

💰 Entry: 0.197910
🎯 TP:    0.201455
🛑 SL:    0.195378
RR:    1.40

Score:      3.20 / 7.20
⭐ Confidence: 0.44 ⭐⭐⭐

Passed: SMA, MACD
Failed: EMA, RSI, BODY, VOLUME

🧠 Regime: LIGHT_RANGE
🕒 Time:   2026-03-21 19:00:00+00:00
Fingerprint: 9bf92086b91eab6b
2026-03-21 22:32:50,059 - INFO - [REVERSAL] [LIGHT] 📡 SIGNAL

Symbol:    ETHFIUSDT
Direction: 🟢 LONG
Timeframe: 30m

💰 Entry: 0.596900
🎯 TP:    0.605321
🛑 SL:    0.591637
RR:    1.60

Score:      5.00 / 7.20
⭐ Confidence: 0.69 ⭐⭐⭐⭐

Passed: EMA, SMA, MACD, BODY
Failed: RSI, VOLUME

🧠 Regime: LIGHT_RANGE
🕒 Time:   2026-03-21 19:00:00+00:00
Fingerprint: 50045cae08dba458
2026-03-21 23:00:36,700 - INFO - [LIGHT] 📡 SIGNAL

Symbol:    WAXPUSDT
Direction: 🟢 LONG
Timeframe: 30m

💰 Entry: 0.007451
🎯 TP:    0.007549
🛑 SL:    0.007381
RR:    1.40

Score:      3.20 / 7.20
⭐ Confidence: 0.44 ⭐⭐⭐

Passed: MACD, BODY
Failed: EMA, SMA, RSI, VOLUME

🧠 Regime: LIGHT_RANGE
🕒 Time:   2026-03-21 19:30:00+00:00
Fingerprint: ff6fc27a5ba09037
